Archive member included to satisfy reference by file (symbol)

c:/users/daniel/appdata/roaming/code/user/globalstorage/bmd.stm32-for-vscode/@xpack-dev-tools/arm-none-eabi-gcc/12.3.1-1.2.1/.content/bin/../lib/gcc/arm-none-eabi/12.3.1/../../../../arm-none-eabi/lib/thumb/v6-m/nofp\libc_nano.a(libc_a-atexit.o)
                              c:/users/daniel/appdata/roaming/code/user/globalstorage/bmd.stm32-for-vscode/@xpack-dev-tools/arm-none-eabi-gcc/12.3.1-1.2.1/.content/bin/../lib/gcc/arm-none-eabi/12.3.1/../../../../arm-none-eabi/lib/thumb/v6-m/nofp/crt0.o (atexit)
c:/users/daniel/appdata/roaming/code/user/globalstorage/bmd.stm32-for-vscode/@xpack-dev-tools/arm-none-eabi-gcc/12.3.1-1.2.1/.content/bin/../lib/gcc/arm-none-eabi/12.3.1/../../../../arm-none-eabi/lib/thumb/v6-m/nofp\libc_nano.a(libc_a-exit.o)
                              c:/users/daniel/appdata/roaming/code/user/globalstorage/bmd.stm32-for-vscode/@xpack-dev-tools/arm-none-eabi-gcc/12.3.1-1.2.1/.content/bin/../lib/gcc/arm-none-eabi/12.3.1/../../../../arm-none-eabi/lib/thumb/v6-m/nofp/crt0.o (exit)
c:/users/daniel/appdata/roaming/code/user/globalstorage/bmd.stm32-for-vscode/@xpack-dev-tools/arm-none-eabi-gcc/12.3.1-1.2.1/.content/bin/../lib/gcc/arm-none-eabi/12.3.1/../../../../arm-none-eabi/lib/thumb/v6-m/nofp\libc_nano.a(libc_a-rand.o)
                              build/game_control.o (rand)
c:/users/daniel/appdata/roaming/code/user/globalstorage/bmd.stm32-for-vscode/@xpack-dev-tools/arm-none-eabi-gcc/12.3.1-1.2.1/.content/bin/../lib/gcc/arm-none-eabi/12.3.1/../../../../arm-none-eabi/lib/thumb/v6-m/nofp\libc_nano.a(libc_a-findfp.o)
                              c:/users/daniel/appdata/roaming/code/user/globalstorage/bmd.stm32-for-vscode/@xpack-dev-tools/arm-none-eabi-gcc/12.3.1-1.2.1/.content/bin/../lib/gcc/arm-none-eabi/12.3.1/../../../../arm-none-eabi/lib/thumb/v6-m/nofp\libc_nano.a(libc_a-exit.o) (__stdio_exit_handler)
c:/users/daniel/appdata/roaming/code/user/globalstorage/bmd.stm32-for-vscode/@xpack-dev-tools/arm-none-eabi-gcc/12.3.1-1.2.1/.content/bin/../lib/gcc/arm-none-eabi/12.3.1/../../../../arm-none-eabi/lib/thumb/v6-m/nofp\libc_nano.a(libc_a-fwalk.o)
                              c:/users/daniel/appdata/roaming/code/user/globalstorage/bmd.stm32-for-vscode/@xpack-dev-tools/arm-none-eabi-gcc/12.3.1-1.2.1/.content/bin/../lib/gcc/arm-none-eabi/12.3.1/../../../../arm-none-eabi/lib/thumb/v6-m/nofp\libc_nano.a(libc_a-findfp.o) (_fwalk_sglue)
c:/users/daniel/appdata/roaming/code/user/globalstorage/bmd.stm32-for-vscode/@xpack-dev-tools/arm-none-eabi-gcc/12.3.1-1.2.1/.content/bin/../lib/gcc/arm-none-eabi/12.3.1/../../../../arm-none-eabi/lib/thumb/v6-m/nofp\libc_nano.a(libc_a-printf.o)
                              build/game_control.o (printf)
c:/users/daniel/appdata/roaming/code/user/globalstorage/bmd.stm32-for-vscode/@xpack-dev-tools/arm-none-eabi-gcc/12.3.1-1.2.1/.content/bin/../lib/gcc/arm-none-eabi/12.3.1/../../../../arm-none-eabi/lib/thumb/v6-m/nofp\libc_nano.a(libc_a-putchar.o)
                              build/game_control.o (putchar)
c:/users/daniel/appdata/roaming/code/user/globalstorage/bmd.stm32-for-vscode/@xpack-dev-tools/arm-none-eabi-gcc/12.3.1-1.2.1/.content/bin/../lib/gcc/arm-none-eabi/12.3.1/../../../../arm-none-eabi/lib/thumb/v6-m/nofp\libc_nano.a(libc_a-stdio.o)
                              c:/users/daniel/appdata/roaming/code/user/globalstorage/bmd.stm32-for-vscode/@xpack-dev-tools/arm-none-eabi-gcc/12.3.1-1.2.1/.content/bin/../lib/gcc/arm-none-eabi/12.3.1/../../../../arm-none-eabi/lib/thumb/v6-m/nofp\libc_nano.a(libc_a-findfp.o) (__sread)
c:/users/daniel/appdata/roaming/code/user/globalstorage/bmd.stm32-for-vscode/@xpack-dev-tools/arm-none-eabi-gcc/12.3.1-1.2.1/.content/bin/../lib/gcc/arm-none-eabi/12.3.1/../../../../arm-none-eabi/lib/thumb/v6-m/nofp\libc_nano.a(libc_a-memset.o)
                              c:/users/daniel/appdata/roaming/code/user/globalstorage/bmd.stm32-for-vscode/@xpack-dev-tools/arm-none-eabi-gcc/12.3.1-1.2.1/.content/bin/../lib/gcc/arm-none-eabi/12.3.1/../../../../arm-none-eabi/lib/thumb/v6-m/nofp/crt0.o (memset)
c:/users/daniel/appdata/roaming/code/user/globalstorage/bmd.stm32-for-vscode/@xpack-dev-tools/arm-none-eabi-gcc/12.3.1-1.2.1/.content/bin/../lib/gcc/arm-none-eabi/12.3.1/../../../../arm-none-eabi/lib/thumb/v6-m/nofp\libc_nano.a(libc_a-closer.o)
                              c:/users/daniel/appdata/roaming/code/user/globalstorage/bmd.stm32-for-vscode/@xpack-dev-tools/arm-none-eabi-gcc/12.3.1-1.2.1/.content/bin/../lib/gcc/arm-none-eabi/12.3.1/../../../../arm-none-eabi/lib/thumb/v6-m/nofp\libc_nano.a(libc_a-stdio.o) (_close_r)
c:/users/daniel/appdata/roaming/code/user/globalstorage/bmd.stm32-for-vscode/@xpack-dev-tools/arm-none-eabi-gcc/12.3.1-1.2.1/.content/bin/../lib/gcc/arm-none-eabi/12.3.1/../../../../arm-none-eabi/lib/thumb/v6-m/nofp\libc_nano.a(libc_a-reent.o)
[...]
Memory Configuration

Name             Origin             Length             Attributes
RAM              0x20000000         0x00001800         xrw
FLASH            0x08000000         0x00008000         xr
*default*        0x00000000         0xffffffff

Linker script and memory map

LOAD c:/users/daniel/appdata/roaming/code/user/globalstorage/bmd.stm32-for-vscode/@xpack-dev-tools/arm-none-eabi-gcc/12.3.1-1.2.1/.content/bin/../lib/gcc/arm-none-eabi/12.3.1/thumb/v6-m/nofp/crti.o
LOAD c:/users/daniel/appdata/roaming/code/user/globalstorage/bmd.stm32-for-vscode/@xpack-dev-tools/arm-none-eabi-gcc/12.3.1-1.2.1/.content/bin/../lib/gcc/arm-none-eabi/12.3.1/thumb/v6-m/nofp/crtbegin.o
LOAD c:/users/daniel/appdata/roaming/code/user/globalstorage/bmd.stm32-for-vscode/@xpack-dev-tools/arm-none-eabi-gcc/12.3.1-1.2.1/.content/bin/../lib/gcc/arm-none-eabi/12.3.1/../../../../arm-none-eabi/lib/thumb/v6-m/nofp/crt0.o
LOAD build/game_control.o
LOAD build/main.o
LOAD build/shape_moves.o
LOAD build/stm32f0xx_hal_msp.o
LOAD build/stm32f0xx_it.o
LOAD build/system_stm32f0xx.o
LOAD build/stm32f0xx_hal.o
LOAD build/stm32f0xx_hal_cortex.o
LOAD build/stm32f0xx_hal_dma.o
LOAD build/stm32f0xx_hal_exti.o
LOAD build/stm32f0xx_hal_flash.o
LOAD build/stm32f0xx_hal_flash_ex.o
LOAD build/stm32f0xx_hal_gpio.o
LOAD build/stm32f0xx_hal_i2c.o
LOAD build/stm32f0xx_hal_i2c_ex.o
LOAD build/stm32f0xx_hal_pcd.o
LOAD build/stm32f0xx_hal_pcd_ex.o
LOAD build/stm32f0xx_hal_pwr.o
LOAD build/stm32f0xx_hal_pwr_ex.o
LOAD build/stm32f0xx_hal_rcc.o
LOAD build/stm32f0xx_hal_rcc_ex.o
LOAD build/stm32f0xx_hal_tim.o
LOAD build/stm32f0xx_hal_tim_ex.o
LOAD build/stm32f0xx_ll_usb.o
LOAD build/usbd_cdc.o
LOAD build/usbd_core.o
LOAD build/usbd_ctlreq.o
LOAD build/usbd_ioreq.o
LOAD build/usb_device.o
LOAD build/usbd_cdc_if.o
LOAD build/usbd_desc.o
LOAD build/usbd_conf.o
LOAD build/startup_stm32f042x6.o
LOAD c:/users/daniel/appdata/roaming/code/user/globalstorage/bmd.stm32-for-vscode/@xpack-dev-tools/arm-none-eabi-gcc/12.3.1-1.2.1/.content/bin/../lib/gcc/arm-none-eabi/12.3.1/../../../../arm-none-eabi/lib/thumb/v6-m/nofp\libc_nano.a
LOAD c:/users/daniel/appdata/roaming/code/user/globalstorage/bmd.stm32-for-vscode/@xpack-dev-tools/arm-none-eabi-gcc/12.3.1-1.2.1/.content/bin/../lib/gcc/arm-none-eabi/12.3.1/../../../../arm-none-eabi/lib/thumb/v6-m/nofp\libm.a
LOAD c:/users/daniel/appdata/roaming/code/user/globalstorage/bmd.stm32-for-vscode/@xpack-dev-tools/arm-none-eabi-gcc/12.3.1-1.2.1/.content/bin/../lib/gcc/arm-none-eabi/12.3.1/../../../../arm-none-eabi/lib/thumb/v6-m/nofp\libnosys.a
START GROUP
LOAD c:/users/daniel/appdata/roaming/code/user/globalstorage/bmd.stm32-for-vscode/@xpack-dev-tools/arm-none-eabi-gcc/12.3.1-1.2.1/.content/bin/../lib/gcc/arm-none-eabi/12.3.1/thumb/v6-m/nofp\libgcc.a
LOAD c:/users/daniel/appdata/roaming/code/user/globalstorage/bmd.stm32-for-vscode/@xpack-dev-tools/arm-none-eabi-gcc/12.3.1-1.2.1/.content/bin/../lib/gcc/arm-none-eabi/12.3.1/../../../../arm-none-eabi/lib/thumb/v6-m/nofp\libc_nano.a
END GROUP
START GROUP
LOAD c:/users/daniel/appdata/roaming/code/user/globalstorage/bmd.stm32-for-vscode/@xpack-dev-tools/arm-none-eabi-gcc/12.3.1-1.2.1/.content/bin/../lib/gcc/arm-none-eabi/12.3.1/thumb/v6-m/nofp\libgcc.a
LOAD c:/users/daniel/appdata/roaming/code/user/globalstorage/bmd.stm32-for-vscode/@xpack-dev-tools/arm-none-eabi-gcc/12.3.1-1.2.1/.content/bin/../lib/gcc/arm-none-eabi/12.3.1/../../../../arm-none-eabi/lib/thumb/v6-m/nofp\libc_nano.a
END GROUP
LOAD c:/users/daniel/appdata/roaming/code/user/globalstorage/bmd.stm32-for-vscode/@xpack-dev-tools/arm-none-eabi-gcc/12.3.1-1.2.1/.content/bin/../lib/gcc/arm-none-eabi/12.3.1/thumb/v6-m/nofp/crtend.o
LOAD c:/users/daniel/appdata/roaming/code/user/globalstorage/bmd.stm32-for-vscode/@xpack-dev-tools/arm-none-eabi-gcc/12.3.1-1.2.1/.content/bin/../lib/gcc/arm-none-eabi/12.3.1/thumb/v6-m/nofp/crtn.o
                0x20001800                        _estack = (ORIGIN (RAM) + LENGTH (RAM))
                0x00000200                        _Min_Heap_Size = 0x200
                0x00000400                        _Min_Stack_Size = 0x400

.isr_vector     0x08000000       0xc0
                0x08000000                        . = ALIGN (0x4)
 *(.isr_vector)
 .isr_vector    0x08000000       0xc0 build/startup_stm32f042x6.o
                0x08000000                g_pfnVectors
                0x080000c0                        . = ALIGN (0x4)

.text           0x080000c0     0x441c
                0x080000c0                        . = ALIGN (0x4)
 *(.text)
 .text          0x080000c0      0x114 c:/users/daniel/appdata/roaming/code/user/globalstorage/bmd.stm32-for-vscode/@xpack-dev-tools/arm-none-eabi-gcc/12.3.1-1.2.1/.content/bin/../lib/gcc/arm-none-eabi/12.3.1/thumb/v6-m/nofp\libgcc.a(_udivsi3.o)
                0x080000c0                __aeabi_uidiv
                0x080000c0                __udivsi3
                0x080001cc                __aeabi_uidivmod
 .text          0x080001d4        0x4 c:/users/daniel/appdata/roaming/code/user/globalstorage/bmd.stm32-for-vscode/@xpack-dev-tools/arm-none-eabi-gcc/12.3.1-1.2.1/.content/bin/../lib/gcc/arm-none-eabi/12.3.1/thumb/v6-m/nofp\libgcc.a(_dvmd_tls.o)
                0x080001d4                __aeabi_idiv0
                0x080001d4                __aeabi_ldiv0
 *(.text*)
 .text.__do_global_dtors_aux
                0x080001d8       0x28 c:/users/daniel/appdata/roaming/code/user/globalstorage/bmd.stm32-for-vscode/@xpack-dev-tools/arm-none-eabi-gcc/12.3.1-1.2.1/.content/bin/../lib/gcc/arm-none-eabi/12.3.1/thumb/v6-m/nofp/crtbegin.o
 .text.frame_dummy
                0x08000200       0x20 c:/users/daniel/appdata/roaming/code/user/globalstorage/bmd.stm32-for-vscode/@xpack-dev-tools/arm-none-eabi-gcc/12.3.1-1.2.1/.content/bin/../lib/gcc/arm-none-eabi/12.3.1/thumb/v6-m/nofp/crtbegin.o
 .text.checkFinished
                0x08000220       0x2c build/game_control.o
                0x08000220                checkFinished
 .text.MX_GPIO_Init
                0x0800024c       0x60 build/main.o
 .text.Error_Handler
                0x080002ac        0x4 build/main.o
                0x080002ac                Error_Handler
 .text.MX_TIM3_Init
                0x080002b0       0x98 build/main.o
 .text.SystemClock_Config
                0x08000348       0x72 build/main.o
                0x08000348                SystemClock_Config
 .text.main     0x080003ba       0x28 build/main.o
                0x080003ba                main
 *fill*         0x080003e2        0x2 
 .text.HAL_MspInit
                0x080003e4       0x3c build/stm32f0xx_hal_msp.o
                0x080003e4                HAL_MspInit
 .text.HAL_TIM_PWM_MspInit
                0x08000420       0x2c build/stm32f0xx_hal_msp.o
                0x08000420                HAL_TIM_PWM_MspInit
 .text.HAL_TIM_MspPostInit
                0x0800044c       0x50 build/stm32f0xx_hal_msp.o
                0x0800044c                HAL_TIM_MspPostInit
 .text.NMI_Handler
                0x0800049c        0x2 build/stm32f0xx_it.o
                0x0800049c                NMI_Handler
 .text.HardFault_Handler
                0x0800049e        0x2 build/stm32f0xx_it.o
                0x0800049e                HardFault_Handler
 .text.SVC_Handler
                0x080004a0        0x2 build/stm32f0xx_it.o
                0x080004a0                SVC_Handler
 .text.PendSV_Handler
                0x080004a2        0x2 build/stm32f0xx_it.o
                0x080004a2                PendSV_Handler
 .text.SysTick_Handler
                0x080004a4        0x8 build/stm32f0xx_it.o
                0x080004a4                SysTick_Handler
 .text.USB_IRQHandler
                0x080004ac       0x10 build/stm32f0xx_it.o
                0x080004ac                USB_IRQHandler
 .text.SystemInit
                0x080004bc        0x2 build/system_stm32f0xx.o
                0x080004bc                SystemInit
 *fill*         0x080004be        0x2 
 .text.HAL_InitTick
                0x080004c0       0x50 build/stm32f0xx_hal.o
                0x080004c0                HAL_InitTick
 .text.HAL_Init
                0x08000510       0x20 build/stm32f0xx_hal.o
                0x08000510                HAL_Init
 .text.HAL_IncTick
                0x08000530       0x18 build/stm32f0xx_hal.o
                0x08000530                HAL_IncTick
 .text.HAL_GetTick
                0x08000548        0xc build/stm32f0xx_hal.o
                0x08000548                HAL_GetTick
 .text.HAL_Delay
                0x08000554       0x24 build/stm32f0xx_hal.o
                0x08000554                HAL_Delay
 .text.__NVIC_SetPriority
                0x08000578       0x60 build/stm32f0xx_hal_cortex.o
 .text.SysTick_Config
                0x080005d8       0x38 build/stm32f0xx_hal_cortex.o
 .text.HAL_NVIC_SetPriority
                0x08000610        0x8 build/stm32f0xx_hal_cortex.o
                0x08000610                HAL_NVIC_SetPriority
 .text.HAL_NVIC_EnableIRQ
                0x08000618       0x18 build/stm32f0xx_hal_cortex.o
                0x08000618                HAL_NVIC_EnableIRQ
 .text.HAL_SYSTICK_Config
                0x08000630        0x8 build/stm32f0xx_hal_cortex.o
                0x08000630                HAL_SYSTICK_Config
 .text.HAL_GPIO_Init
                0x08000638      0x17c build/stm32f0xx_hal_gpio.o
                0x08000638                HAL_GPIO_Init
 .text.HAL_GPIO_WritePin
                0x080007b4        0xc build/stm32f0xx_hal_gpio.o
                0x080007b4                HAL_GPIO_WritePin
 .text.HAL_PCD_EP_DB_Receive
                0x080007c0      0x110 build/stm32f0xx_hal_pcd.o
 .text.HAL_PCD_Init
                0x080008d0       0xe0 build/stm32f0xx_hal_pcd.o
                0x080008d0                HAL_PCD_Init
 .text.HAL_PCD_Start
                0x080009b0       0x2e build/stm32f0xx_hal_pcd.o
                0x080009b0                HAL_PCD_Start
 *fill*         0x080009de        0x2 
 .text.HAL_PCD_EP_DB_Transmit
                0x080009e0      0x3d8 build/stm32f0xx_hal_pcd.o
 .text.PCD_EP_ISR_Handler
                0x08000db8      0x54c build/stm32f0xx_hal_pcd.o
 .text.HAL_PCD_SetAddress
                0x08001304       0x2c build/stm32f0xx_hal_pcd.o
                0x08001304                HAL_PCD_SetAddress
 .text.HAL_PCD_IRQHandler
                0x08001330      0x180 build/stm32f0xx_hal_pcd.o
                0x08001330                HAL_PCD_IRQHandler
 .text.HAL_PCD_EP_Open
                0x080014b0       0x76 build/stm32f0xx_hal_pcd.o
                0x080014b0                HAL_PCD_EP_Open
 .text.HAL_PCD_EP_Close
                0x08001526       0x68 build/stm32f0xx_hal_pcd.o
                0x08001526                HAL_PCD_EP_Close
 .text.HAL_PCD_EP_Receive
                0x0800158e       0x4a build/stm32f0xx_hal_pcd.o
                0x0800158e                HAL_PCD_EP_Receive
 .text.HAL_PCD_EP_GetRxCount
                0x080015d8       0x14 build/stm32f0xx_hal_pcd.o
                0x080015d8                HAL_PCD_EP_GetRxCount
 .text.HAL_PCD_EP_Transmit
                0x080015ec       0x4e build/stm32f0xx_hal_pcd.o
                0x080015ec                HAL_PCD_EP_Transmit
 .text.HAL_PCD_EP_SetStall
                0x0800163a       0x6e build/stm32f0xx_hal_pcd.o
                0x0800163a                HAL_PCD_EP_SetStall
 .text.HAL_PCD_EP_ClrStall
                0x080016a8       0x7a build/stm32f0xx_hal_pcd.o
                0x080016a8                HAL_PCD_EP_ClrStall
 .text.HAL_PCDEx_PMAConfig
                0x08001722       0x3a build/stm32f0xx_hal_pcd_ex.o
                0x08001722                HAL_PCDEx_PMAConfig
 .text.HAL_PCDEx_ActivateLPM
                0x0800175c       0x2a build/stm32f0xx_hal_pcd_ex.o
                0x0800175c                HAL_PCDEx_ActivateLPM
 .text.HAL_PCDEx_LPM_Callback
                0x08001786        0x2 build/stm32f0xx_hal_pcd_ex.o
                0x08001786                HAL_PCDEx_LPM_Callback
 .text.HAL_RCC_OscConfig
                0x08001788      0x544 build/stm32f0xx_hal_rcc.o
                0x08001788                HAL_RCC_OscConfig
 .text.HAL_RCC_GetSysClockFreq
                0x08001ccc       0x78 build/stm32f0xx_hal_rcc.o
                0x08001ccc                HAL_RCC_GetSysClockFreq
 .text.HAL_RCC_ClockConfig
                0x08001d44      0x144 build/stm32f0xx_hal_rcc.o
                0x08001d44                HAL_RCC_ClockConfig
 .text.HAL_RCCEx_PeriphCLKConfig
                0x08001e88      0x148 build/stm32f0xx_hal_rcc_ex.o
                0x08001e88                HAL_RCCEx_PeriphCLKConfig
 .text.TIM_OC1_SetConfig
                0x08001fd0       0x7c build/stm32f0xx_hal_tim.o
 .text.TIM_OC3_SetConfig
                0x0800204c       0x80 build/stm32f0xx_hal_tim.o
 .text.TIM_OC4_SetConfig
                0x080020cc       0x68 build/stm32f0xx_hal_tim.o
 .text.TIM_Base_SetConfig
                0x08002134       0x94 build/stm32f0xx_hal_tim.o
                0x08002134                TIM_Base_SetConfig
 .text.HAL_TIM_PWM_Init
                0x080021c8       0x58 build/stm32f0xx_hal_tim.o
                0x080021c8                HAL_TIM_PWM_Init
 .text.TIM_OC2_SetConfig
                0x08002220       0x78 build/stm32f0xx_hal_tim.o
                0x08002220                TIM_OC2_SetConfig
 .text.HAL_TIM_PWM_ConfigChannel
                0x08002298       0xf0 build/stm32f0xx_hal_tim.o
                0x08002298                HAL_TIM_PWM_ConfigChannel
 .text.HAL_TIMEx_MasterConfigSynchronization
                0x08002388       0x64 build/stm32f0xx_hal_tim_ex.o
                0x08002388                HAL_TIMEx_MasterConfigSynchronization
 .text.USB_EnableGlobalInt
                0x080023ec       0x14 build/stm32f0xx_ll_usb.o
                0x080023ec                USB_EnableGlobalInt
 .text.USB_DisableGlobalInt
                0x08002400       0x14 build/stm32f0xx_ll_usb.o
                0x08002400                USB_DisableGlobalInt
 .text.USB_DevInit
                0x08002414       0x20 build/stm32f0xx_ll_usb.o
                0x08002414                USB_DevInit
 .text.USB_ActivateEndpoint
                0x08002434      0x324 build/stm32f0xx_ll_usb.o
                0x08002434                USB_ActivateEndpoint
 .text.USB_DeactivateEndpoint
                0x08002758      0x170 build/stm32f0xx_ll_usb.o
                0x08002758                USB_DeactivateEndpoint
 .text.USB_EPSetStall
                0x080028c8       0x4c build/stm32f0xx_ll_usb.o
                0x080028c8                USB_EPSetStall
 .text.USB_EPClearStall
                0x08002914       0x9c build/stm32f0xx_ll_usb.o
                0x08002914                USB_EPClearStall
 .text.USB_SetDevAddress
                0x080029b0        0xe build/stm32f0xx_ll_usb.o
                0x080029b0                USB_SetDevAddress
 *fill*         0x080029be        0x2 
 .text.USB_DevConnect
                0x080029c0       0x14 build/stm32f0xx_ll_usb.o
                0x080029c0                USB_DevConnect
 .text.USB_ReadInterrupts
                0x080029d4        0x8 build/stm32f0xx_ll_usb.o
                0x080029d4                USB_ReadInterrupts
 .text.USB_WritePMA
                0x080029dc       0x28 build/stm32f0xx_ll_usb.o
                0x080029dc                USB_WritePMA
 .text.USB_EPStartXfer
                0x08002a04      0x72c build/stm32f0xx_ll_usb.o
                0x08002a04                USB_EPStartXfer
 .text.USB_ReadPMA
                0x08003130       0x2c build/stm32f0xx_ll_usb.o
                0x08003130                USB_ReadPMA
 .text.USBD_CDC_EP0_RxReady
                0x0800315c       0x34 build/usbd_cdc.o
 .text.USBD_CDC_GetFSCfgDesc
                0x08003190        0xc build/usbd_cdc.o
 .text.USBD_CDC_GetHSCfgDesc
                0x0800319c        0xc build/usbd_cdc.o
 .text.USBD_CDC_GetOtherSpeedCfgDesc
                0x080031a8        0xc build/usbd_cdc.o
 .text.USBD_CDC_GetDeviceQualifierDescriptor
                0x080031b4        0xc build/usbd_cdc.o
                0x080031b4                USBD_CDC_GetDeviceQualifierDescriptor
 .text.USBD_CDC_DataOut
                0x080031c0       0x36 build/usbd_cdc.o
 .text.USBD_CDC_DataIn
                0x080031f6       0x5c build/usbd_cdc.o
 *fill*         0x08003252        0x2 
 .text.USBD_CDC_Setup
                0x08003254       0xf0 build/usbd_cdc.o
 .text.USBD_CDC_DeInit
                0x08003344       0x4c build/usbd_cdc.o
 .text.USBD_CDC_Init
                0x08003390       0xbc build/usbd_cdc.o
 .text.USBD_CDC_RegisterInterface
                0x0800344c       0x12 build/usbd_cdc.o
                0x0800344c                USBD_CDC_RegisterInterface
 .text.USBD_CDC_SetTxBuffer
                0x0800345e       0x16 build/usbd_cdc.o
                0x0800345e                USBD_CDC_SetTxBuffer
 .text.USBD_CDC_SetRxBuffer
                0x08003474        0xe build/usbd_cdc.o
                0x08003474                USBD_CDC_SetRxBuffer
 .text.USBD_CDC_ReceivePacket
                0x08003482       0x3c build/usbd_cdc.o
                0x08003482                USBD_CDC_ReceivePacket
 .text.USBD_Init
                0x080034be       0x38 build/usbd_core.o
                0x080034be                USBD_Init
 .text.USBD_RegisterClass
                0x080034f6       0x12 build/usbd_core.o
                0x080034f6                USBD_RegisterClass
 .text.USBD_Start
                0x08003508        0xa build/usbd_core.o
                0x08003508                USBD_Start
 .text.USBD_SetClassConfig
                0x08003512       0x1e build/usbd_core.o
                0x08003512                USBD_SetClassConfig
 .text.USBD_ClrClassConfig
                0x08003530       0x10 build/usbd_core.o
                0x08003530                USBD_ClrClassConfig
 .text.USBD_LL_SetupStage
                0x08003540       0x64 build/usbd_core.o
                0x08003540                USBD_LL_SetupStage
 .text.USBD_LL_DataOutStage
                0x080035a4       0xa4 build/usbd_core.o
                0x080035a4                USBD_LL_DataOutStage
 .text.USBD_LL_DataInStage
                0x08003648       0xea build/usbd_core.o
                0x08003648                USBD_LL_DataInStage
 .text.USBD_LL_Reset
                0x08003732       0x5e build/usbd_core.o
                0x08003732                USBD_LL_Reset
 .text.USBD_LL_SetSpeed
                0x08003790        0x6 build/usbd_core.o
                0x08003790                USBD_LL_SetSpeed
 *fill*         0x08003796        0x2 
 .text.USBD_LL_Suspend
                0x08003798       0x18 build/usbd_core.o
                0x08003798                USBD_LL_Suspend
 .text.USBD_LL_Resume
                0x080037b0       0x1c build/usbd_core.o
                0x080037b0                USBD_LL_Resume
 .text.USBD_LL_SOF
                0x080037cc       0x20 build/usbd_core.o
                0x080037cc                USBD_LL_SOF
 .text.USBD_GetLen
                0x080037ec       0x14 build/usbd_ctlreq.o
 .text.USBD_SetFeature
                0x08003800       0x18 build/usbd_ctlreq.o
 .text.USBD_ParseSetupRequest
                0x08003818       0x28 build/usbd_ctlreq.o
                0x08003818                USBD_ParseSetupRequest
 .text.USBD_CtlError
                0x08003840       0x14 build/usbd_ctlreq.o
                0x08003840                USBD_CtlError
 .text.USBD_GetDescriptor
                0x08003854      0x1b8 build/usbd_ctlreq.o
 .text.USBD_SetAddress
                0x08003a0c       0x60 build/usbd_ctlreq.o
 .text.USBD_SetConfig
                0x08003a6c       0xb8 build/usbd_ctlreq.o
 .text.USBD_GetConfig
                0x08003b24       0x40 build/usbd_ctlreq.o
 .text.USBD_GetStatus
                0x08003b64       0x3e build/usbd_ctlreq.o
 .text.USBD_ClrFeature
                0x08003ba2       0x2a build/usbd_ctlreq.o
 .text.USBD_StdDevReq
                0x08003bcc       0x6c build/usbd_ctlreq.o
                0x08003bcc                USBD_StdDevReq
 .text.USBD_StdItfReq
                0x08003c38       0x66 build/usbd_ctlreq.o
                0x08003c38                USBD_StdItfReq
 .text.USBD_StdEPReq
                0x08003c9e      0x210 build/usbd_ctlreq.o
                0x08003c9e                USBD_StdEPReq
 .text.USBD_GetString
                0x08003eae       0x3c build/usbd_ctlreq.o
                0x08003eae                USBD_GetString
 .text.USBD_CtlSendData
                0x08003eea       0x1c build/usbd_ioreq.o
                0x08003eea                USBD_CtlSendData
 .text.USBD_CtlContinueSendData
                0x08003f06       0x10 build/usbd_ioreq.o
                0x08003f06                USBD_CtlContinueSendData
 .text.USBD_CtlPrepareRx
                0x08003f16       0x22 build/usbd_ioreq.o
                0x08003f16                USBD_CtlPrepareRx
 .text.USBD_CtlContinueRx
                0x08003f38       0x10 build/usbd_ioreq.o
                0x08003f38                USBD_CtlContinueRx
 .text.USBD_CtlSendStatus
                0x08003f48       0x18 build/usbd_ioreq.o
                0x08003f48                USBD_CtlSendStatus
 .text.USBD_CtlReceiveStatus
                0x08003f60       0x18 build/usbd_ioreq.o
                0x08003f60                USBD_CtlReceiveStatus
 .text.MX_USB_DEVICE_Init
                0x08003f78       0x5c build/usb_device.o
                0x08003f78                MX_USB_DEVICE_Init
 .text.CDC_DeInit_FS
                0x08003fd4        0x4 build/usbd_cdc_if.o
 .text.CDC_Control_FS
                0x08003fd8        0x4 build/usbd_cdc_if.o
 .text.CDC_Receive_FS
                0x08003fdc       0x1c build/usbd_cdc_if.o
 .text.CDC_Init_FS
                0x08003ff8       0x28 build/usbd_cdc_if.o
 .text.USBD_FS_DeviceDescriptor
                0x08004020        0xc build/usbd_desc.o
                0x08004020                USBD_FS_DeviceDescriptor
 .text.USBD_FS_LangIDStrDescriptor
                0x0800402c        0xc build/usbd_desc.o
                0x0800402c                USBD_FS_LangIDStrDescriptor
 .text.IntToUnicode
                0x08004038       0x30 build/usbd_desc.o
 .text.Get_SerialNum
                0x08004068       0x40 build/usbd_desc.o
 .text.USBD_FS_SerialStrDescriptor
                0x080040a8       0x14 build/usbd_desc.o
                0x080040a8                USBD_FS_SerialStrDescriptor
 .text.USBD_FS_ProductStrDescriptor
                0x080040bc       0x28 build/usbd_desc.o
                0x080040bc                USBD_FS_ProductStrDescriptor
 .text.USBD_FS_ManufacturerStrDescriptor
                0x080040e4       0x1c build/usbd_desc.o
                0x080040e4                USBD_FS_ManufacturerStrDescriptor
 .text.USBD_FS_ConfigStrDescriptor
                0x08004100       0x28 build/usbd_desc.o
                0x08004100                USBD_FS_ConfigStrDescriptor
 .text.USBD_FS_InterfaceStrDescriptor
                0x08004128       0x28 build/usbd_desc.o
                0x08004128                USBD_FS_InterfaceStrDescriptor
 .text.USBD_Get_USB_Status
                0x08004150       0x16 build/usbd_conf.o
 .text.SystemClockConfig_Resume
                0x08004166        0x8 build/usbd_conf.o
 *fill*         0x0800416e        0x2 
 .text.HAL_PCD_MspInit
                0x08004170       0x40 build/usbd_conf.o
                0x08004170                HAL_PCD_MspInit
 .text.HAL_PCD_SetupStageCallback
                0x080041b0       0x16 build/usbd_conf.o
                0x080041b0                HAL_PCD_SetupStageCallback
 .text.HAL_PCD_DataOutStageCallback
                0x080041c6       0x1e build/usbd_conf.o
                0x080041c6                HAL_PCD_DataOutStageCallback
 .text.HAL_PCD_DataInStageCallback
                0x080041e4       0x1a build/usbd_conf.o
                0x080041e4                HAL_PCD_DataInStageCallback
 .text.HAL_PCD_SOFCallback
                0x080041fe        0xe build/usbd_conf.o
                0x080041fe                HAL_PCD_SOFCallback
 .text.HAL_PCD_ResetCallback
                0x0800420c       0x24 build/usbd_conf.o
                0x0800420c                HAL_PCD_ResetCallback
 .text.HAL_PCD_SuspendCallback
                0x08004230       0x24 build/usbd_conf.o
                0x08004230                HAL_PCD_SuspendCallback
 .text.HAL_PCD_ResumeCallback
                0x08004254       0x2c build/usbd_conf.o
                0x08004254                HAL_PCD_ResumeCallback
 .text.USBD_LL_Init
                0x08004280       0x84 build/usbd_conf.o
                0x08004280                USBD_LL_Init
 .text.USBD_LL_Start
                0x08004304       0x12 build/usbd_conf.o
                0x08004304                USBD_LL_Start
 .text.USBD_LL_OpenEP
                0x08004316       0x18 build/usbd_conf.o
                0x08004316                USBD_LL_OpenEP
 .text.USBD_LL_CloseEP
                0x0800432e       0x12 build/usbd_conf.o
                0x0800432e                USBD_LL_CloseEP
 .text.USBD_LL_StallEP
                0x08004340       0x12 build/usbd_conf.o
                0x08004340                USBD_LL_StallEP
 .text.USBD_LL_ClearStallEP
                0x08004352       0x12 build/usbd_conf.o
                0x08004352                USBD_LL_ClearStallEP
 .text.USBD_LL_IsStallEP
                0x08004364       0x32 build/usbd_conf.o
                0x08004364                USBD_LL_IsStallEP
 .text.USBD_LL_SetUSBAddress
                0x08004396       0x12 build/usbd_conf.o
                0x08004396                USBD_LL_SetUSBAddress
 .text.USBD_LL_Transmit
                0x080043a8       0x12 build/usbd_conf.o
                0x080043a8                USBD_LL_Transmit
 .text.USBD_LL_PrepareReceive
                0x080043ba       0x12 build/usbd_conf.o
                0x080043ba                USBD_LL_PrepareReceive
 .text.USBD_LL_GetRxDataSize
                0x080043cc        0xe build/usbd_conf.o
                0x080043cc                USBD_LL_GetRxDataSize
 *fill*         0x080043da        0x2 
 .text.USBD_static_malloc
                0x080043dc        0x8 build/usbd_conf.o
                0x080043dc                USBD_static_malloc
 .text.USBD_static_free
                0x080043e4        0x2 build/usbd_conf.o
                0x080043e4                USBD_static_free
 *fill*         0x080043e6        0x2 
 .text.Reset_Handler
                0x080043e8       0x80 build/startup_stm32f042x6.o
                0x080043e8                Reset_Handler
 .text.Default_Handler
                0x08004468        0x2 build/startup_stm32f042x6.o
                0x08004468                TIM1_CC_IRQHandler
                0x08004468                TSC_IRQHandler
                0x08004468                I2C1_IRQHandler
                0x08004468                RCC_CRS_IRQHandler
                0x08004468                SPI1_IRQHandler
                0x08004468                EXTI2_3_IRQHandler
                0x08004468                ADC1_IRQHandler
                0x08004468                TIM17_IRQHandler
                0x08004468                CEC_CAN_IRQHandler
                0x08004468                RTC_IRQHandler
                0x08004468                PVD_VDDIO2_IRQHandler
                0x08004468                TIM16_IRQHandler
                0x08004468                TIM3_IRQHandler
                0x08004468                EXTI4_15_IRQHandler
                0x08004468                DMA1_Channel1_IRQHandler
                0x08004468                Default_Handler
                0x08004468                TIM14_IRQHandler
                0x08004468                DMA1_Channel4_5_IRQHandler
                0x08004468                EXTI0_1_IRQHandler
                0x08004468                SPI2_IRQHandler
                0x08004468                WWDG_IRQHandler
                0x08004468                TIM2_IRQHandler
                0x08004468                DMA1_Channel2_3_IRQHandler
                0x08004468                USART2_IRQHandler
                0x08004468                FLASH_IRQHandler
                0x08004468                USART1_IRQHandler
                0x08004468                TIM1_BRK_UP_TRG_COM_IRQHandler
 .text.memset   0x0800446a       0x10 c:/users/daniel/appdata/roaming/code/user/globalstorage/bmd.stm32-for-vscode/@xpack-dev-tools/arm-none-eabi-gcc/12.3.1-1.2.1/.content/bin/../lib/gcc/arm-none-eabi/12.3.1/../../../../arm-none-eabi/lib/thumb/v6-m/nofp\libc_nano.a(libc_a-memset.o)
                0x0800446a                memset
 *fill*         0x0800447a        0x2 
 .text.__libc_init_array
                0x0800447c       0x48 c:/users/daniel/appdata/roaming/code/user/globalstorage/bmd.stm32-for-vscode/@xpack-dev-tools/arm-none-eabi-gcc/12.3.1-1.2.1/.content/bin/../lib/gcc/arm-none-eabi/12.3.1/../../../../arm-none-eabi/lib/thumb/v6-m/nofp\libc_nano.a(libc_a-init.o)
                0x0800447c                __libc_init_array
 *(.glue_7)
 .glue_7        0x080044c4        0x0 linker stubs
 *(.glue_7t)
 .glue_7t       0x080044c4        0x0 linker stubs
 *(.eh_frame)
 .eh_frame      0x080044c4        0x0 c:/users/daniel/appdata/roaming/code/user/globalstorage/bmd.stm32-for-vscode/@xpack-dev-tools/arm-none-eabi-gcc/12.3.1-1.2.1/.content/bin/../lib/gcc/arm-none-eabi/12.3.1/thumb/v6-m/nofp/crtbegin.o
 *(.init)
 .init          0x080044c4        0x4 c:/users/daniel/appdata/roaming/code/user/globalstorage/bmd.stm32-for-vscode/@xpack-dev-tools/arm-none-eabi-gcc/12.3.1-1.2.1/.content/bin/../lib/gcc/arm-none-eabi/12.3.1/thumb/v6-m/nofp/crti.o
                0x080044c4                _init
 .init          0x080044c8        0x8 c:/users/daniel/appdata/roaming/code/user/globalstorage/bmd.stm32-for-vscode/@xpack-dev-tools/arm-none-eabi-gcc/12.3.1-1.2.1/.content/bin/../lib/gcc/arm-none-eabi/12.3.1/thumb/v6-m/nofp/crtn.o
 *(.fini)
 .fini          0x080044d0        0x4 c:/users/daniel/appdata/roaming/code/user/globalstorage/bmd.stm32-for-vscode/@xpack-dev-tools/arm-none-eabi-gcc/12.3.1-1.2.1/.content/bin/../lib/gcc/arm-none-eabi/12.3.1/thumb/v6-m/nofp/crti.o
                0x080044d0                _fini
 .fini          0x080044d4        0x8 c:/users/daniel/appdata/roaming/code/user/globalstorage/bmd.stm32-for-vscode/@xpack-dev-tools/arm-none-eabi-gcc/12.3.1-1.2.1/.content/bin/../lib/gcc/arm-none-eabi/12.3.1/thumb/v6-m/nofp/crtn.o
                0x080044dc                        . = ALIGN (0x4)
                0x080044dc                        _etext = .

.vfp11_veneer   0x080044dc        0x0
 .vfp11_veneer  0x080044dc        0x0 linker stubs

.v4_bx          0x080044dc        0x0
 .v4_bx         0x080044dc        0x0 linker stubs

.iplt           0x080044dc        0x0
 .iplt          0x080044dc        0x0 c:/users/daniel/appdata/roaming/code/user/globalstorage/bmd.stm32-for-vscode/@xpack-dev-tools/arm-none-eabi-gcc/12.3.1-1.2.1/.content/bin/../lib/gcc/arm-none-eabi/12.3.1/thumb/v6-m/nofp/crtbegin.o

.rodata         0x080044dc       0xc8
                0x080044dc                        . = ALIGN (0x4)
 *(.rodata)
 *(.rodata*)
 .rodata.AHBPrescTable
                0x080044dc       0x10 build/system_stm32f0xx.o
                0x080044dc                AHBPrescTable
 .rodata.aPredivFactorTable.0
                0x080044ec       0x10 build/stm32f0xx_hal_rcc.o
 .rodata.aPLLMULFactorTable.1
                0x080044fc       0x10 build/stm32f0xx_hal_rcc.o
 .rodata.USBD_GetDescriptor
                0x0800450c       0x38 build/usbd_ctlreq.o
 .rodata.USBD_StdDevReq
                0x08004544       0x28 build/usbd_ctlreq.o
 .rodata.USBD_FS_ProductStrDescriptor.str1.4
                0x0800456c        0xe build/usbd_desc.o
 *fill*         0x0800457a        0x2 
 .rodata.USBD_FS_ManufacturerStrDescriptor.str1.4
                0x0800457c        0x9 build/usbd_desc.o
 *fill*         0x08004585        0x3 
 .rodata.USBD_FS_ConfigStrDescriptor.str1.4
                0x08004588        0xb build/usbd_desc.o
 *fill*         0x08004593        0x1 
 .rodata.USBD_FS_InterfaceStrDescriptor.str1.4
                0x08004594        0xe build/usbd_desc.o
                0x080045a4                        . = ALIGN (0x4)
 *fill*         0x080045a2        0x2 

.rel.dyn        0x080045a4        0x0
 .rel.iplt      0x080045a4        0x0 c:/users/daniel/appdata/roaming/code/user/globalstorage/bmd.stm32-for-vscode/@xpack-dev-tools/arm-none-eabi-gcc/12.3.1-1.2.1/.content/bin/../lib/gcc/arm-none-eabi/12.3.1/thumb/v6-m/nofp/crtbegin.o

.ARM.extab
 *(.ARM.extab* .gnu.linkonce.armextab.*)

.ARM            0x080045a4        0x0
                0x080045a4                        __exidx_start = .
 *(.ARM.exidx*)
                0x080045a4                        __exidx_end = .

.preinit_array  0x080045a4        0x0
                0x080045a4                        PROVIDE (__preinit_array_start = .)
 *(.preinit_array*)
                0x080045a4                        PROVIDE (__preinit_array_end = .)

.init_array     0x080045a4        0x4
                0x080045a4                        PROVIDE (__init_array_start = .)
 *(SORT_BY_NAME(.init_array.*))
 *(.init_array*)
 .init_array    0x080045a4        0x4 c:/users/daniel/appdata/roaming/code/user/globalstorage/bmd.stm32-for-vscode/@xpack-dev-tools/arm-none-eabi-gcc/12.3.1-1.2.1/.content/bin/../lib/gcc/arm-none-eabi/12.3.1/thumb/v6-m/nofp/crtbegin.o
                0x080045a8                        PROVIDE (__init_array_end = .)

.fini_array     0x080045a8        0x4
                0x080045a8                        PROVIDE (__fini_array_start = .)
 *(SORT_BY_NAME(.fini_array.*))
 *(.fini_array*)
 .fini_array    0x080045a8        0x4 c:/users/daniel/appdata/roaming/code/user/globalstorage/bmd.stm32-for-vscode/@xpack-dev-tools/arm-none-eabi-gcc/12.3.1-1.2.1/.content/bin/../lib/gcc/arm-none-eabi/12.3.1/thumb/v6-m/nofp/crtbegin.o
                0x080045ac                        PROVIDE (__fini_array_end = .)
                0x080045ac                        _sidata = LOADADDR (.data)

.data           0x20000000      0x17c load address 0x080045ac
                0x20000000                        . = ALIGN (0x4)
                0x20000000                        _sdata = .
 *(.data)
 *(.data*)
 .data.SystemCoreClock
                0x20000000        0x4 build/system_stm32f0xx.o
                0x20000000                SystemCoreClock
 .data.uwTickFreq
                0x20000004        0x1 build/stm32f0xx_hal.o
                0x20000004                uwTickFreq
 *fill*         0x20000005        0x3 
 .data.uwTickPrio
                0x20000008        0x4 build/stm32f0xx_hal.o
                0x20000008                uwTickPrio
 .data.USBD_CDC_OtherSpeedCfgDesc
                0x2000000c       0x43 build/usbd_cdc.o
                0x2000000c                USBD_CDC_OtherSpeedCfgDesc
 *fill*         0x2000004f        0x1 
 .data.USBD_CDC_CfgFSDesc
                0x20000050       0x43 build/usbd_cdc.o
                0x20000050                USBD_CDC_CfgFSDesc
 *fill*         0x20000093        0x1 
 .data.USBD_CDC_CfgHSDesc
                0x20000094       0x43 build/usbd_cdc.o
                0x20000094                USBD_CDC_CfgHSDesc
 *fill*         0x200000d7        0x1 
 .data.USBD_CDC
                0x200000d8       0x38 build/usbd_cdc.o
                0x200000d8                USBD_CDC
 .data.USBD_CDC_DeviceQualifierDesc
                0x20000110        0xa build/usbd_cdc.o
 *fill*         0x2000011a        0x2 
 .data.USBD_Interface_fops_FS
                0x2000011c       0x10 build/usbd_cdc_if.o
                0x2000011c                USBD_Interface_fops_FS
 .data.USBD_StringSerial
                0x2000012c       0x1a build/usbd_desc.o
                0x2000012c                USBD_StringSerial
 *fill*         0x20000146        0x2 
 .data.USBD_LangIDDesc
                0x20000148        0x4 build/usbd_desc.o
                0x20000148                USBD_LangIDDesc
 .data.USBD_FS_DeviceDesc
                0x2000014c       0x12 build/usbd_desc.o
                0x2000014c                USBD_FS_DeviceDesc
 *fill*         0x2000015e        0x2 
 .data.FS_Desc  0x20000160       0x1c build/usbd_desc.o
                0x20000160                FS_Desc
                0x2000017c                        . = ALIGN (0x4)
                0x2000017c                        _edata = .

.igot.plt       0x2000017c        0x0 load address 0x08004728
 .igot.plt      0x2000017c        0x0 c:/users/daniel/appdata/roaming/code/user/globalstorage/bmd.stm32-for-vscode/@xpack-dev-tools/arm-none-eabi-gcc/12.3.1-1.2.1/.content/bin/../lib/gcc/arm-none-eabi/12.3.1/thumb/v6-m/nofp/crtbegin.o
                0x2000017c                        . = ALIGN (0x4)

.bss            0x2000017c      0x8e4 load address 0x08004728
                0x2000017c                        _sbss = .
                0x2000017c                        __bss_start__ = _sbss
 *(.bss)
 *(.bss*)
 .bss.completed.1
                0x2000017c        0x1 c:/users/daniel/appdata/roaming/code/user/globalstorage/bmd.stm32-for-vscode/@xpack-dev-tools/arm-none-eabi-gcc/12.3.1-1.2.1/.content/bin/../lib/gcc/arm-none-eabi/12.3.1/thumb/v6-m/nofp/crtbegin.o
 *fill*         0x2000017d        0x3 
 .bss.object.0  0x20000180       0x18 c:/users/daniel/appdata/roaming/code/user/globalstorage/bmd.stm32-for-vscode/@xpack-dev-tools/arm-none-eabi-gcc/12.3.1-1.2.1/.content/bin/../lib/gcc/arm-none-eabi/12.3.1/thumb/v6-m/nofp/crtbegin.o
 .bss.htim3     0x20000198       0x48 build/main.o
                0x20000198                htim3
 .bss.uwTick    0x200001e0        0x4 build/stm32f0xx_hal.o
                0x200001e0                uwTick
 .bss.cfgidx.0  0x200001e4        0x1 build/usbd_ctlreq.o
 *fill*         0x200001e5        0x3 
 .bss.hUsbDeviceFS
                0x200001e8      0x2c4 build/usb_device.o
                0x200001e8                hUsbDeviceFS
 .bss.UserTxBufferFS
                0x200004ac       0x40 build/usbd_cdc_if.o
                0x200004ac                UserTxBufferFS
 .bss.UserRxBufferFS
                0x200004ec       0x40 build/usbd_cdc_if.o
                0x200004ec                UserRxBufferFS
 .bss.USBD_StrDesc
                0x2000052c       0x20 build/usbd_desc.o
                0x2000052c                USBD_StrDesc
 .bss.mem.0     0x2000054c      0x220 build/usbd_conf.o
 .bss.hpcd_USB_FS
                0x2000076c      0x2f4 build/usbd_conf.o
                0x2000076c                hpcd_USB_FS
 *(COMMON)
                0x20000a60                        . = ALIGN (0x4)
                0x20000a60                        _ebss = .
                0x20000a60                        __bss_end__ = _ebss

._user_heap_stack
                0x20000a60      0x600 load address 0x08004728
                0x20000a60                        . = ALIGN (0x8)
                0x20000a60                        PROVIDE (end = .)
                [!provide]                        PROVIDE (_end = .)
                0x20000c60                        . = (. + _Min_Heap_Size)
 *fill*         0x20000a60      0x200 
                0x20001060                        . = (. + _Min_Stack_Size)
 *fill*         0x20000c60      0x400 
                0x20001060                        . = ALIGN (0x8)

/DISCARD/
 libc.a(*)
 libm.a(*)
 libgcc.a(*)

.ARM.attributes
                0x00000000       0x28
 *(.ARM.attributes)
 .ARM.attributes
                0x00000000       0x1e c:/users/daniel/appdata/roaming/code/user/globalstorage/bmd.stm32-for-vscode/@xpack-dev-tools/arm-none-eabi-gcc/12.3.1-1.2.1/.content/bin/../lib/gcc/arm-none-eabi/12.3.1/thumb/v6-m/nofp/crti.o
 .ARM.attributes
                0x0000001e       0x2c c:/users/daniel/appdata/roaming/code/user/globalstorage/bmd.stm32-for-vscode/@xpack-dev-tools/arm-none-eabi-gcc/12.3.1-1.2.1/.content/bin/../lib/gcc/arm-none-eabi/12.3.1/thumb/v6-m/nofp/crtbegin.o
 .ARM.attributes
                0x0000004a       0x2c build/game_control.o
 .ARM.attributes
                0x00000076       0x2c build/main.o
 .ARM.attributes
                0x000000a2       0x2c build/stm32f0xx_hal_msp.o
 .ARM.attributes
                0x000000ce       0x2c build/stm32f0xx_it.o
 .ARM.attributes
                0x000000fa       0x2c build/system_stm32f0xx.o
 .ARM.attributes
                0x00000126       0x2c build/stm32f0xx_hal.o
 .ARM.attributes
                0x00000152       0x2c build/stm32f0xx_hal_cortex.o
 .ARM.attributes
                0x0000017e       0x2c build/stm32f0xx_hal_gpio.o
 .ARM.attributes
                0x000001aa       0x2c build/stm32f0xx_hal_pcd.o
 .ARM.attributes
                0x000001d6       0x2c build/stm32f0xx_hal_pcd_ex.o
 .ARM.attributes
                0x00000202       0x2c build/stm32f0xx_hal_rcc.o
 .ARM.attributes
                0x0000022e       0x2c build/stm32f0xx_hal_rcc_ex.o
 .ARM.attributes
                0x0000025a       0x2c build/stm32f0xx_hal_tim.o
 .ARM.attributes
                0x00000286       0x2c build/stm32f0xx_hal_tim_ex.o
 .ARM.attributes
                0x000002b2       0x2c build/stm32f0xx_ll_usb.o
 .ARM.attributes
                0x000002de       0x2c build/usbd_cdc.o
 .ARM.attributes
                0x0000030a       0x2c build/usbd_core.o
 .ARM.attributes
                0x00000336       0x2c build/usbd_ctlreq.o
 .ARM.attributes
                0x00000362       0x2c build/usbd_ioreq.o
 .ARM.attributes
                0x0000038e       0x2c build/usb_device.o
 .ARM.attributes
                0x000003ba       0x2c build/usbd_cdc_if.o
 .ARM.attributes
                0x000003e6       0x2c build/usbd_desc.o
 .ARM.attributes
                0x00000412       0x2c build/usbd_conf.o
 .ARM.attributes
                0x0000043e       0x21 build/startup_stm32f042x6.o
 .ARM.attributes
                0x0000045f       0x2c c:/users/daniel/appdata/roaming/code/user/globalstorage/bmd.stm32-for-vscode/@xpack-dev-tools/arm-none-eabi-gcc/12.3.1-1.2.1/.content/bin/../lib/gcc/arm-none-eabi/12.3.1/../../../../arm-none-eabi/lib/thumb/v6-m/nofp\libc_nano.a(libc_a-memset.o)
 .ARM.attributes
                0x0000048b       0x2c c:/users/daniel/appdata/roaming/code/user/globalstorage/bmd.stm32-for-vscode/@xpack-dev-tools/arm-none-eabi-gcc/12.3.1-1.2.1/.content/bin/../lib/gcc/arm-none-eabi/12.3.1/../../../../arm-none-eabi/lib/thumb/v6-m/nofp\libc_nano.a(libc_a-init.o)
 .ARM.attributes
                0x000004b7       0x1e c:/users/daniel/appdata/roaming/code/user/globalstorage/bmd.stm32-for-vscode/@xpack-dev-tools/arm-none-eabi-gcc/12.3.1-1.2.1/.content/bin/../lib/gcc/arm-none-eabi/12.3.1/thumb/v6-m/nofp\libgcc.a(_udivsi3.o)
 .ARM.attributes
                0x000004d5       0x1e c:/users/daniel/appdata/roaming/code/user/globalstorage/bmd.stm32-for-vscode/@xpack-dev-tools/arm-none-eabi-gcc/12.3.1-1.2.1/.content/bin/../lib/gcc/arm-none-eabi/12.3.1/thumb/v6-m/nofp\libgcc.a(_dvmd_tls.o)
 .ARM.attributes
                0x000004f3       0x1e c:/users/daniel/appdata/roaming/code/user/globalstorage/bmd.stm32-for-vscode/@xpack-dev-tools/arm-none-eabi-gcc/12.3.1-1.2.1/.content/bin/../lib/gcc/arm-none-eabi/12.3.1/thumb/v6-m/nofp/crtn.o
OUTPUT(build/business_card.elf elf32-littlearm)
LOAD linker stubs
LOAD c:/users/daniel/appdata/roaming/code/user/globalstorage/bmd.stm32-for-vscode/@xpack-dev-tools/arm-none-eabi-gcc/12.3.1-1.2.1/.content/bin/../lib/gcc/arm-none-eabi/12.3.1/../../../../arm-none-eabi/lib/thumb/v6-m/nofp\libc.a
LOAD c:/users/daniel/appdata/roaming/code/user/globalstorage/bmd.stm32-for-vscode/@xpack-dev-tools/arm-none-eabi-gcc/12.3.1-1.2.1/.content/bin/../lib/gcc/arm-none-eabi/12.3.1/../../../../arm-none-eabi/lib/thumb/v6-m/nofp\libm.a
LOAD c:/users/daniel/appdata/roaming/code/user/globalstorage/bmd.stm32-for-vscode/@xpack-dev-tools/arm-none-eabi-gcc/12.3.1-1.2.1/.content/bin/../lib/gcc/arm-none-eabi/12.3.1/thumb/v6-m/nofp\libgcc.a

.comment        0x00000000       0x39
 .comment       0x00000000       0x39 c:/users/daniel/appdata/roaming/code/user/globalstorage/bmd.stm32-for-vscode/@xpack-dev-tools/arm-none-eabi-gcc/12.3.1-1.2.1/.content/bin/../lib/gcc/arm-none-eabi/12.3.1/thumb/v6-m/nofp/crtbegin.o
                                 0x3a (size before relaxing)
 .comment       0x00000039       0x3a build/game_control.o
 .comment       0x00000039       0x3a build/main.o
 .comment       0x00000039       0x3a build/stm32f0xx_hal_msp.o
 .comment       0x00000039       0x3a build/stm32f0xx_it.o
 .comment       0x00000039       0x3a build/system_stm32f0xx.o
 .comment       0x00000039       0x3a build/stm32f0xx_hal.o
 .comment       0x00000039       0x3a build/stm32f0xx_hal_cortex.o
 .comment       0x00000039       0x3a build/stm32f0xx_hal_gpio.o
 .comment       0x00000039       0x3a build/stm32f0xx_hal_pcd.o
 .comment       0x00000039       0x3a build/stm32f0xx_hal_pcd_ex.o
 .comment       0x00000039       0x3a build/stm32f0xx_hal_rcc.o
 .comment       0x00000039       0x3a build/stm32f0xx_hal_rcc_ex.o
 .comment       0x00000039       0x3a build/stm32f0xx_hal_tim.o
 .comment       0x00000039       0x3a build/stm32f0xx_hal_tim_ex.o
 .comment       0x00000039       0x3a build/stm32f0xx_ll_usb.o
 .comment       0x00000039       0x3a build/usbd_cdc.o
 .comment       0x00000039       0x3a build/usbd_core.o
 .comment       0x00000039       0x3a build/usbd_ctlreq.o
 .comment       0x00000039       0x3a build/usbd_ioreq.o
 .comment       0x00000039       0x3a build/usb_device.o
 .comment       0x00000039       0x3a build/usbd_cdc_if.o
 .comment       0x00000039       0x3a build/usbd_desc.o
 .comment       0x00000039       0x3a build/usbd_conf.o
 .comment       0x00000039       0x3a c:/users/daniel/appdata/roaming/code/user/globalstorage/bmd.stm32-for-vscode/@xpack-dev-tools/arm-none-eabi-gcc/12.3.1-1.2.1/.content/bin/../lib/gcc/arm-none-eabi/12.3.1/../../../../arm-none-eabi/lib/thumb/v6-m/nofp\libc_nano.a(libc_a-memset.o)
 .comment       0x00000039       0x3a c:/users/daniel/appdata/roaming/code/user/globalstorage/bmd.stm32-for-vscode/@xpack-dev-tools/arm-none-eabi-gcc/12.3.1-1.2.1/.content/bin/../lib/gcc/arm-none-eabi/12.3.1/../../../../arm-none-eabi/lib/thumb/v6-m/nofp\libc_nano.a(libc_a-init.o)

.debug_info     0x00000000    0x14f79
 .debug_info    0x00000000      0x9c4 build/game_control.o
 .debug_info    0x000009c4      0xf3d build/main.o
 .debug_info    0x00001901      0x992 build/stm32f0xx_hal_msp.o
 .debug_info    0x00002293      0x60a build/stm32f0xx_it.o
 .debug_info    0x0000289d      0x276 build/system_stm32f0xx.o
 .debug_info    0x00002b13      0x740 build/stm32f0xx_hal.o
 .debug_info    0x00003253      0x7c0 build/stm32f0xx_hal_cortex.o
 .debug_info    0x00003a13      0x5de build/stm32f0xx_hal_gpio.o
 .debug_info    0x00003ff1     0x1b38 build/stm32f0xx_hal_pcd.o
 .debug_info    0x00005b29      0x973 build/stm32f0xx_hal_pcd_ex.o
 .debug_info    0x0000649c      0xa6b build/stm32f0xx_hal_rcc.o
 .debug_info    0x00006f07      0x6ea build/stm32f0xx_hal_rcc_ex.o
 .debug_info    0x000075f1     0x3b31 build/stm32f0xx_hal_tim.o
 .debug_info    0x0000b122     0x1a0b build/stm32f0xx_hal_tim_ex.o
 .debug_info    0x0000cb2d     0x195d build/stm32f0xx_ll_usb.o
 .debug_info    0x0000e48a     0x13fc build/usbd_cdc.o
 .debug_info    0x0000f886      0xdb6 build/usbd_core.o
 .debug_info    0x0001063c     0x108b build/usbd_ctlreq.o
 .debug_info    0x000116c7      0x7b1 build/usbd_ioreq.o
 .debug_info    0x00011e78      0x6bf build/usb_device.o
 .debug_info    0x00012537      0x89a build/usbd_cdc_if.o
 .debug_info    0x00012dd1      0x5b5 build/usbd_desc.o
 .debug_info    0x00013386     0x1b49 build/usbd_conf.o
 .debug_info    0x00014ecf       0x30 build/startup_stm32f042x6.o
 .debug_info    0x00014eff       0x3e c:/users/daniel/appdata/roaming/code/user/globalstorage/bmd.stm32-for-vscode/@xpack-dev-tools/arm-none-eabi-gcc/12.3.1-1.2.1/.content/bin/../lib/gcc/arm-none-eabi/12.3.1/thumb/v6-m/nofp\libgcc.a(_udivsi3.o)
 .debug_info    0x00014f3d       0x3c c:/users/daniel/appdata/roaming/code/user/globalstorage/bmd.stm32-for-vscode/@xpack-dev-tools/arm-none-eabi-gcc/12.3.1-1.2.1/.content/bin/../lib/gcc/arm-none-eabi/12.3.1/thumb/v6-m/nofp\libgcc.a(_dvmd_tls.o)

.debug_abbrev   0x00000000     0x3648
 .debug_abbrev  0x00000000      0x201 build/game_control.o
 .debug_abbrev  0x00000201      0x299 build/main.o
 .debug_abbrev  0x0000049a      0x1dc build/stm32f0xx_hal_msp.o
 .debug_abbrev  0x00000676      0x19b build/stm32f0xx_it.o
 .debug_abbrev  0x00000811      0x136 build/system_stm32f0xx.o
 .debug_abbrev  0x00000947      0x265 build/stm32f0xx_hal.o
 .debug_abbrev  0x00000bac      0x2ec build/stm32f0xx_hal_cortex.o
 .debug_abbrev  0x00000e98      0x1f9 build/stm32f0xx_hal_gpio.o
 .debug_abbrev  0x00001091      0x2db build/stm32f0xx_hal_pcd.o
 .debug_abbrev  0x0000136c      0x26d build/stm32f0xx_hal_pcd_ex.o
 .debug_abbrev  0x000015d9      0x29d build/stm32f0xx_hal_rcc.o
 .debug_abbrev  0x00001876      0x20d build/stm32f0xx_hal_rcc_ex.o
 .debug_abbrev  0x00001a83      0x271 build/stm32f0xx_hal_tim.o
 .debug_abbrev  0x00001cf4      0x26f build/stm32f0xx_hal_tim_ex.o
 .debug_abbrev  0x00001f63      0x2c0 build/stm32f0xx_ll_usb.o
 .debug_abbrev  0x00002223      0x31c build/usbd_cdc.o
 .debug_abbrev  0x0000253f      0x284 build/usbd_core.o
 .debug_abbrev  0x000027c3      0x2eb build/usbd_ctlreq.o
 .debug_abbrev  0x00002aae      0x1a8 build/usbd_ioreq.o
 .debug_abbrev  0x00002c56      0x1a8 build/usb_device.o
 .debug_abbrev  0x00002dfe      0x278 build/usbd_cdc_if.o
 .debug_abbrev  0x00003076      0x217 build/usbd_desc.o
 .debug_abbrev  0x0000328d      0x349 build/usbd_conf.o
 .debug_abbrev  0x000035d6       0x24 build/startup_stm32f042x6.o
 .debug_abbrev  0x000035fa       0x28 c:/users/daniel/appdata/roaming/code/user/globalstorage/bmd.stm32-for-vscode/@xpack-dev-tools/arm-none-eabi-gcc/12.3.1-1.2.1/.content/bin/../lib/gcc/arm-none-eabi/12.3.1/thumb/v6-m/nofp\libgcc.a(_udivsi3.o)
 .debug_abbrev  0x00003622       0x26 c:/users/daniel/appdata/roaming/code/user/globalstorage/bmd.stm32-for-vscode/@xpack-dev-tools/arm-none-eabi-gcc/12.3.1-1.2.1/.content/bin/../lib/gcc/arm-none-eabi/12.3.1/thumb/v6-m/nofp\libgcc.a(_dvmd_tls.o)

.debug_loclists
                0x00000000     0xa60e
 .debug_loclists
                0x00000000      0x51e build/game_control.o
 .debug_loclists
                0x0000051e       0x31 build/stm32f0xx_hal_msp.o
 .debug_loclists
                0x0000054f       0xe3 build/system_stm32f0xx.o
 .debug_loclists
                0x00000632       0xc9 build/stm32f0xx_hal.o
 .debug_loclists
                0x000006fb      0x1ae build/stm32f0xx_hal_cortex.o
 .debug_loclists
                0x000008a9      0x25d build/stm32f0xx_hal_gpio.o
 .debug_loclists
                0x00000b06      0xe64 build/stm32f0xx_hal_pcd.o
 .debug_loclists
                0x0000196a      0x1a7 build/stm32f0xx_hal_pcd_ex.o
 .debug_loclists
                0x00001b11      0x45c build/stm32f0xx_hal_rcc.o
 .debug_loclists
                0x00001f6d      0x525 build/stm32f0xx_hal_rcc_ex.o
 .debug_loclists
                0x00002492     0x37cf build/stm32f0xx_hal_tim.o
 .debug_loclists
                0x00005c61     0x15dc build/stm32f0xx_hal_tim_ex.o
 .debug_loclists
                0x0000723d     0x104c build/stm32f0xx_ll_usb.o
 .debug_loclists
                0x00008289      0x5cb build/usbd_cdc.o
 .debug_loclists
                0x00008854      0x583 build/usbd_core.o
 .debug_loclists
                0x00008dd7      0xc36 build/usbd_ctlreq.o
 .debug_loclists
                0x00009a0d      0x198 build/usbd_ioreq.o
 .debug_loclists
                0x00009ba5       0xd8 build/usbd_cdc_if.o
 .debug_loclists
                0x00009c7d      0x223 build/usbd_desc.o
 .debug_loclists
                0x00009ea0      0x76e build/usbd_conf.o

.debug_aranges  0x00000000     0x1008
 .debug_aranges
                0x00000000       0x88 build/game_control.o
 .debug_aranges
                0x00000088       0x40 build/main.o
 .debug_aranges
                0x000000c8       0x38 build/stm32f0xx_hal_msp.o
 .debug_aranges
                0x00000100       0x48 build/stm32f0xx_it.o
 .debug_aranges
                0x00000148       0x28 build/system_stm32f0xx.o
 .debug_aranges
                0x00000170       0xd0 build/stm32f0xx_hal.o
 .debug_aranges
                0x00000240       0x98 build/stm32f0xx_hal_cortex.o
 .debug_aranges
                0x000002d8       0x58 build/stm32f0xx_hal_gpio.o
 .debug_aranges
                0x00000330      0x138 build/stm32f0xx_hal_pcd.o
 .debug_aranges
                0x00000468       0x58 build/stm32f0xx_hal_pcd_ex.o
 .debug_aranges
                0x000004c0       0x80 build/stm32f0xx_hal_rcc.o
 .debug_aranges
                0x00000540       0x78 build/stm32f0xx_hal_rcc_ex.o
 .debug_aranges
                0x000005b8      0x3d0 build/stm32f0xx_hal_tim.o
 .debug_aranges
                0x00000988      0x168 build/stm32f0xx_hal_tim_ex.o
 .debug_aranges
                0x00000af0       0xb8 build/stm32f0xx_ll_usb.o
 .debug_aranges
                0x00000ba8       0x90 build/usbd_cdc.o
 .debug_aranges
                0x00000c38       0xb8 build/usbd_core.o
 .debug_aranges
                0x00000cf0       0x88 build/usbd_ctlreq.o
 .debug_aranges
                0x00000d78       0x50 build/usbd_ioreq.o
 .debug_aranges
                0x00000dc8       0x20 build/usb_device.o
 .debug_aranges
                0x00000de8       0x40 build/usbd_cdc_if.o
 .debug_aranges
                0x00000e28       0x60 build/usbd_desc.o
 .debug_aranges
                0x00000e88      0x118 build/usbd_conf.o
 .debug_aranges
                0x00000fa0       0x28 build/startup_stm32f042x6.o
 .debug_aranges
                0x00000fc8       0x20 c:/users/daniel/appdata/roaming/code/user/globalstorage/bmd.stm32-for-vscode/@xpack-dev-tools/arm-none-eabi-gcc/12.3.1-1.2.1/.content/bin/../lib/gcc/arm-none-eabi/12.3.1/thumb/v6-m/nofp\libgcc.a(_udivsi3.o)
 .debug_aranges
                0x00000fe8       0x20 c:/users/daniel/appdata/roaming/code/user/globalstorage/bmd.stm32-for-vscode/@xpack-dev-tools/arm-none-eabi-gcc/12.3.1-1.2.1/.content/bin/../lib/gcc/arm-none-eabi/12.3.1/thumb/v6-m/nofp\libgcc.a(_dvmd_tls.o)

.debug_rnglists
                0x00000000      0xe1d
 .debug_rnglists
                0x00000000       0xe7 build/game_control.o
 .debug_rnglists
                0x000000e7       0x2c build/main.o
 .debug_rnglists
                0x00000113       0x25 build/stm32f0xx_hal_msp.o
 .debug_rnglists
                0x00000138       0x31 build/stm32f0xx_it.o
 .debug_rnglists
                0x00000169       0x1a build/system_stm32f0xx.o
 .debug_rnglists
                0x00000183       0x97 build/stm32f0xx_hal.o
 .debug_rnglists
                0x0000021a       0x79 build/stm32f0xx_hal_cortex.o
 .debug_rnglists
                0x00000293       0x3f build/stm32f0xx_hal_gpio.o
 .debug_rnglists
                0x000002d2      0x162 build/stm32f0xx_hal_pcd.o
 .debug_rnglists
                0x00000434       0x3e build/stm32f0xx_hal_pcd_ex.o
 .debug_rnglists
                0x00000472       0x6e build/stm32f0xx_hal_rcc.o
 .debug_rnglists
                0x000004e0       0x66 build/stm32f0xx_hal_rcc_ex.o
 .debug_rnglists
                0x00000546      0x303 build/stm32f0xx_hal_tim.o
 .debug_rnglists
                0x00000849      0x11a build/stm32f0xx_hal_tim_ex.o
 .debug_rnglists
                0x00000963      0x1c6 build/stm32f0xx_ll_usb.o
 .debug_rnglists
                0x00000b29       0x69 build/usbd_cdc.o
 .debug_rnglists
                0x00000b92       0x87 build/usbd_core.o
 .debug_rnglists
                0x00000c19       0x64 build/usbd_ctlreq.o
 .debug_rnglists
                0x00000c7d       0x37 build/usbd_ioreq.o
 .debug_rnglists
                0x00000cb4       0x13 build/usb_device.o
 .debug_rnglists
                0x00000cc7       0x2b build/usbd_cdc_if.o
 .debug_rnglists
                0x00000cf2       0x43 build/usbd_desc.o
 .debug_rnglists
                0x00000d35       0xce build/usbd_conf.o
 .debug_rnglists
                0x00000e03       0x1a build/startup_stm32f042x6.o

.debug_line     0x00000000    0x11593
 .debug_line    0x00000000      0x980 build/game_control.o
 .debug_line    0x00000980      0x528 build/main.o
 .debug_line    0x00000ea8      0x347 build/stm32f0xx_hal_msp.o
 .debug_line    0x000011ef      0x2f2 build/stm32f0xx_it.o
 .debug_line    0x000014e1      0x2d4 build/system_stm32f0xx.o
 .debug_line    0x000017b5      0x59a build/stm32f0xx_hal.o
 .debug_line    0x00001d4f      0x5cb build/stm32f0xx_hal_cortex.o
 .debug_line    0x0000231a      0x72a build/stm32f0xx_hal_gpio.o
 .debug_line    0x00002a44     0x1a81 build/stm32f0xx_hal_pcd.o
 .debug_line    0x000044c5      0x4e3 build/stm32f0xx_hal_pcd_ex.o
 .debug_line    0x000049a8      0xd1e build/stm32f0xx_hal_rcc.o
 .debug_line    0x000056c6      0x959 build/stm32f0xx_hal_rcc_ex.o
 .debug_line    0x0000601f     0x4c1d build/stm32f0xx_hal_tim.o
 .debug_line    0x0000ac3c     0x1cff build/stm32f0xx_hal_tim_ex.o
 .debug_line    0x0000c93b     0x199c build/stm32f0xx_ll_usb.o
 .debug_line    0x0000e2d7      0x859 build/usbd_cdc.o
 .debug_line    0x0000eb30      0x7bc build/usbd_core.o
 .debug_line    0x0000f2ec      0xbb4 build/usbd_ctlreq.o
 .debug_line    0x0000fea0      0x32e build/usbd_ioreq.o
 .debug_line    0x000101ce      0x2b3 build/usb_device.o
 .debug_line    0x00010481      0x2ec build/usbd_cdc_if.o
 .debug_line    0x0001076d      0x40a build/usbd_desc.o
 .debug_line    0x00010b77      0x8f3 build/usbd_conf.o
 .debug_line    0x0001146a       0x89 build/startup_stm32f042x6.o
 .debug_line    0x000114f3       0x56 c:/users/daniel/appdata/roaming/code/user/globalstorage/bmd.stm32-for-vscode/@xpack-dev-tools/arm-none-eabi-gcc/12.3.1-1.2.1/.content/bin/../lib/gcc/arm-none-eabi/12.3.1/thumb/v6-m/nofp\libgcc.a(_udivsi3.o)
 .debug_line    0x00011549       0x4a c:/users/daniel/appdata/roaming/code/user/globalstorage/bmd.stm32-for-vscode/@xpack-dev-tools/arm-none-eabi-gcc/12.3.1-1.2.1/.content/bin/../lib/gcc/arm-none-eabi/12.3.1/thumb/v6-m/nofp\libgcc.a(_dvmd_tls.o)

.debug_str      0x00000000     0x4783
 .debug_str     0x00000000      0x39d build/game_control.o
                                0x414 (size before relaxing)
 .debug_str     0x0000039d      0x93b build/main.o
                                0xb59 (size before relaxing)
 .debug_str     0x00000cd8       0x86 build/stm32f0xx_hal_msp.o
                                0x7c9 (size before relaxing)
 .debug_str     0x00000d5e      0x3c1 build/stm32f0xx_it.o
                                0x5b0 (size before relaxing)
 .debug_str     0x0000111f       0x96 build/system_stm32f0xx.o
                                0x268 (size before relaxing)
 .debug_str     0x000011b5      0x45b build/stm32f0xx_hal.o
                                0x6bc (size before relaxing)
 .debug_str     0x00001610      0x256 build/stm32f0xx_hal_cortex.o
                                0x5fd (size before relaxing)
 .debug_str     0x00001866       0xf9 build/stm32f0xx_hal_gpio.o
                                0x3eb (size before relaxing)
 .debug_str     0x0000195f      0x542 build/stm32f0xx_hal_pcd.o
                                0xab7 (size before relaxing)
 .debug_str     0x00001ea1      0x183 build/stm32f0xx_hal_pcd_ex.o
                                0x761 (size before relaxing)
 .debug_str     0x00002024      0x1d3 build/stm32f0xx_hal_rcc.o
                                0x657 (size before relaxing)
 .debug_str     0x000021f7      0x27d build/stm32f0xx_hal_rcc_ex.o
                                0x603 (size before relaxing)
 .debug_str     0x00002474      0xeb1 build/stm32f0xx_hal_tim.o
                               0x1660 (size before relaxing)
 .debug_str     0x00003325      0x4eb build/stm32f0xx_hal_tim_ex.o
                                0xe7c (size before relaxing)
 .debug_str     0x00003810       0xd0 build/stm32f0xx_ll_usb.o
                                0x642 (size before relaxing)
 .debug_str     0x000038e0      0x677 build/usbd_cdc.o
                                0xc4c (size before relaxing)
 .debug_str     0x00003f57      0x291 build/usbd_core.o
                                0x82d (size before relaxing)
 .debug_str     0x000041e8      0x11d build/usbd_ctlreq.o
                                0x736 (size before relaxing)
 .debug_str     0x00004305       0x4e build/usbd_ioreq.o
                                0x663 (size before relaxing)
 .debug_str     0x00004353       0x48 build/usb_device.o
                                0x644 (size before relaxing)
 .debug_str     0x0000439b       0x83 build/usbd_cdc_if.o
                                0x6f8 (size before relaxing)
 .debug_str     0x0000441e      0x16d build/usbd_desc.o
                                0x43c (size before relaxing)
 .debug_str     0x0000458b       0x8e build/usbd_conf.o
                               0x107e (size before relaxing)
 .debug_str     0x00004619       0x32 build/startup_stm32f042x6.o
                                 0x71 (size before relaxing)
 .debug_str     0x0000464b      0x11c c:/users/daniel/appdata/roaming/code/user/globalstorage/bmd.stm32-for-vscode/@xpack-dev-tools/arm-none-eabi-gcc/12.3.1-1.2.1/.content/bin/../lib/gcc/arm-none-eabi/12.3.1/thumb/v6-m/nofp\libgcc.a(_udivsi3.o)
                                0x13b (size before relaxing)
 .debug_str     0x00004767       0x1c c:/users/daniel/appdata/roaming/code/user/globalstorage/bmd.stm32-for-vscode/@xpack-dev-tools/arm-none-eabi-gcc/12.3.1-1.2.1/.content/bin/../lib/gcc/arm-none-eabi/12.3.1/thumb/v6-m/nofp\libgcc.a(_dvmd_tls.o)
                                0x13c (size before relaxing)

.debug_frame    0x00000000     0x275c
 .debug_frame   0x00000000      0x17c build/game_control.o
 .debug_frame   0x0000017c       0x84 build/main.o
 .debug_frame   0x00000200       0x64 build/stm32f0xx_hal_msp.o
 .debug_frame   0x00000264       0x80 build/stm32f0xx_it.o
 .debug_frame   0x000002e4       0x38 build/system_stm32f0xx.o
 .debug_frame   0x0000031c      0x1ac build/stm32f0xx_hal.o
 .debug_frame   0x000004c8      0x144 build/stm32f0xx_hal_cortex.o
 .debug_frame   0x0000060c       0xc0 build/stm32f0xx_hal_gpio.o
 .debug_frame   0x000006cc      0x350 build/stm32f0xx_hal_pcd.o
 .debug_frame   0x00000a1c       0xa8 build/stm32f0xx_hal_pcd_ex.o
 .debug_frame   0x00000ac4      0x138 build/stm32f0xx_hal_rcc.o
 .debug_frame   0x00000bfc       0xfc build/stm32f0xx_hal_rcc_ex.o
 .debug_frame   0x00000cf8      0xadc build/stm32f0xx_hal_tim.o
 .debug_frame   0x000017d4      0x420 build/stm32f0xx_hal_tim_ex.o
 .debug_frame   0x00001bf4      0x194 build/stm32f0xx_ll_usb.o
 .debug_frame   0x00001d88      0x158 build/usbd_cdc.o
 .debug_frame   0x00001ee0      0x1c4 build/usbd_core.o
 .debug_frame   0x000020a4      0x168 build/usbd_ctlreq.o
 .debug_frame   0x0000220c       0xb8 build/usbd_ioreq.o
 .debug_frame   0x000022c4       0x28 build/usb_device.o
 .debug_frame   0x000022ec       0x78 build/usbd_cdc_if.o
 .debug_frame   0x00002364       0xe0 build/usbd_desc.o
 .debug_frame   0x00002444      0x2f8 build/usbd_conf.o
 .debug_frame   0x0000273c       0x20 c:/users/daniel/appdata/roaming/code/user/globalstorage/bmd.stm32-for-vscode/@xpack-dev-tools/arm-none-eabi-gcc/12.3.1-1.2.1/.content/bin/../lib/gcc/arm-none-eabi/12.3.1/thumb/v6-m/nofp\libgcc.a(_udivsi3.o)

.debug_line_str
                0x00000000      0x167
 .debug_line_str
                0x00000000       0x55 build/startup_stm32f042x6.o
 .debug_line_str
                0x00000055      0x112 c:/users/daniel/appdata/roaming/code/user/globalstorage/bmd.stm32-for-vscode/@xpack-dev-tools/arm-none-eabi-gcc/12.3.1-1.2.1/.content/bin/../lib/gcc/arm-none-eabi/12.3.1/thumb/v6-m/nofp\libgcc.a(_udivsi3.o)
 .debug_line_str
                0x00000167      0x112 c:/users/daniel/appdata/roaming/code/user/globalstorage/bmd.stm32-for-vscode/@xpack-dev-tools/arm-none-eabi-gcc/12.3.1-1.2.1/.content/bin/../lib/gcc/arm-none-eabi/12.3.1/thumb/v6-m/nofp\libgcc.a(_dvmd_tls.o)

Cross Reference Table

Symbol                                            File
ADC1_IRQHandler                                   build/startup_stm32f042x6.o
AHBPrescTable                                     build/system_stm32f0xx.o
                                                  build/stm32f0xx_hal_rcc.o
APBPrescTable                                     build/system_stm32f0xx.o
                                                  build/stm32f0xx_hal_rcc.o
CDC_Transmit_FS                                   build/usbd_cdc_if.o
CEC_CAN_IRQHandler                                build/startup_stm32f042x6.o
DMA1_Channel1_IRQHandler                          build/startup_stm32f042x6.o
DMA1_Channel2_3_IRQHandler                        build/startup_stm32f042x6.o
DMA1_Channel4_5_IRQHandler                        build/startup_stm32f042x6.o
Default_Handler                                   build/startup_stm32f042x6.o
EXTI0_1_IRQHandler                                build/startup_stm32f042x6.o
EXTI2_3_IRQHandler                                build/startup_stm32f042x6.o
EXTI4_15_IRQHandler                               build/startup_stm32f042x6.o
Error_Handler                                     build/main.o
                                                  build/usbd_conf.o
                                                  build/usb_device.o
FLASH_IRQHandler                                  build/startup_stm32f042x6.o
FLASH_PageErase                                   build/stm32f0xx_hal_flash_ex.o
                                                  build/stm32f0xx_hal_flash.o
FLASH_WaitForLastOperation                        build/stm32f0xx_hal_flash.o
                                                  build/stm32f0xx_hal_flash_ex.o
FS_Desc                                           build/usbd_desc.o
                                                  build/usb_device.o
HAL_DBGMCU_DisableDBGStandbyMode                  build/stm32f0xx_hal.o
HAL_DBGMCU_DisableDBGStopMode                     build/stm32f0xx_hal.o
HAL_DBGMCU_EnableDBGStandbyMode                   build/stm32f0xx_hal.o
HAL_DBGMCU_EnableDBGStopMode                      build/stm32f0xx_hal.o
HAL_DMA_Abort                                     build/stm32f0xx_hal_dma.o
HAL_DMA_Abort_IT                                  build/stm32f0xx_hal_dma.o
                                                  build/stm32f0xx_hal_tim_ex.o
                                                  build/stm32f0xx_hal_tim.o
                                                  build/stm32f0xx_hal_i2c.o
HAL_DMA_DeInit                                    build/stm32f0xx_hal_dma.o
HAL_DMA_GetError                                  build/stm32f0xx_hal_dma.o
HAL_DMA_GetState                                  build/stm32f0xx_hal_dma.o
                                                  build/stm32f0xx_hal_i2c.o
HAL_DMA_IRQHandler                                build/stm32f0xx_hal_dma.o
HAL_DMA_Init                                      build/stm32f0xx_hal_dma.o
HAL_DMA_PollForTransfer                           build/stm32f0xx_hal_dma.o
HAL_DMA_RegisterCallback                          build/stm32f0xx_hal_dma.o
HAL_DMA_Start                                     build/stm32f0xx_hal_dma.o
HAL_DMA_Start_IT                                  build/stm32f0xx_hal_dma.o
                                                  build/stm32f0xx_hal_tim_ex.o
                                                  build/stm32f0xx_hal_tim.o
                                                  build/stm32f0xx_hal_i2c.o
HAL_DMA_UnRegisterCallback                        build/stm32f0xx_hal_dma.o
HAL_DeInit                                        build/stm32f0xx_hal.o
HAL_Delay                                         build/stm32f0xx_hal.o
                                                  build/usbd_conf.o
                                                  build/stm32f0xx_hal_pcd_ex.o
                                                  build/main.o
HAL_EXTI_ClearConfigLine                          build/stm32f0xx_hal_exti.o
HAL_EXTI_ClearPending                             build/stm32f0xx_hal_exti.o
HAL_EXTI_GenerateSWI                              build/stm32f0xx_hal_exti.o
HAL_EXTI_GetConfigLine                            build/stm32f0xx_hal_exti.o
HAL_EXTI_GetHandle                                build/stm32f0xx_hal_exti.o
HAL_EXTI_GetPending                               build/stm32f0xx_hal_exti.o
HAL_EXTI_IRQHandler                               build/stm32f0xx_hal_exti.o
HAL_EXTI_RegisterCallback                         build/stm32f0xx_hal_exti.o
HAL_EXTI_SetConfigLine                            build/stm32f0xx_hal_exti.o
HAL_FLASHEx_Erase                                 build/stm32f0xx_hal_flash_ex.o
HAL_FLASHEx_Erase_IT                              build/stm32f0xx_hal_flash_ex.o
HAL_FLASHEx_OBErase                               build/stm32f0xx_hal_flash_ex.o
HAL_FLASHEx_OBGetConfig                           build/stm32f0xx_hal_flash_ex.o
HAL_FLASHEx_OBGetUserData                         build/stm32f0xx_hal_flash_ex.o
HAL_FLASHEx_OBProgram                             build/stm32f0xx_hal_flash_ex.o
HAL_FLASH_EndOfOperationCallback                  build/stm32f0xx_hal_flash.o
HAL_FLASH_GetError                                build/stm32f0xx_hal_flash.o
HAL_FLASH_IRQHandler                              build/stm32f0xx_hal_flash.o
HAL_FLASH_Lock                                    build/stm32f0xx_hal_flash.o
HAL_FLASH_OB_Launch                               build/stm32f0xx_hal_flash.o
HAL_FLASH_OB_Lock                                 build/stm32f0xx_hal_flash.o
HAL_FLASH_OB_Unlock                               build/stm32f0xx_hal_flash.o
HAL_FLASH_OperationErrorCallback                  build/stm32f0xx_hal_flash.o
HAL_FLASH_Program                                 build/stm32f0xx_hal_flash.o
HAL_FLASH_Program_IT                              build/stm32f0xx_hal_flash.o
HAL_FLASH_Unlock                                  build/stm32f0xx_hal_flash.o
HAL_GPIO_DeInit                                   build/stm32f0xx_hal_gpio.o
HAL_GPIO_EXTI_Callback                            build/stm32f0xx_hal_gpio.o
HAL_GPIO_EXTI_IRQHandler                          build/stm32f0xx_hal_gpio.o
HAL_GPIO_Init                                     build/stm32f0xx_hal_gpio.o
                                                  build/stm32f0xx_hal_rcc.o
                                                  build/stm32f0xx_hal_msp.o
                                                  build/main.o
HAL_GPIO_LockPin                                  build/stm32f0xx_hal_gpio.o
HAL_GPIO_ReadPin                                  build/stm32f0xx_hal_gpio.o
HAL_GPIO_TogglePin                                build/stm32f0xx_hal_gpio.o
HAL_GPIO_WritePin                                 build/stm32f0xx_hal_gpio.o
                                                  build/main.o
HAL_GetDEVID                                      build/stm32f0xx_hal.o
HAL_GetHalVersion                                 build/stm32f0xx_hal.o
HAL_GetREVID                                      build/stm32f0xx_hal.o
HAL_GetTick                                       build/stm32f0xx_hal.o
                                                  build/stm32f0xx_hal_rcc_ex.o
                                                  build/stm32f0xx_hal_rcc.o
                                                  build/stm32f0xx_hal_pcd_ex.o
                                                  build/stm32f0xx_hal_i2c.o
                                                  build/stm32f0xx_hal_flash.o
                                                  build/stm32f0xx_hal_dma.o
HAL_GetTickFreq                                   build/stm32f0xx_hal.o
HAL_GetTickPrio                                   build/stm32f0xx_hal.o
HAL_GetUIDw0                                      build/stm32f0xx_hal.o
HAL_GetUIDw1                                      build/stm32f0xx_hal.o
HAL_GetUIDw2                                      build/stm32f0xx_hal.o
HAL_I2CEx_ConfigAnalogFilter                      build/stm32f0xx_hal_i2c_ex.o
HAL_I2CEx_ConfigDigitalFilter                     build/stm32f0xx_hal_i2c_ex.o
HAL_I2CEx_DisableFastModePlus                     build/stm32f0xx_hal_i2c_ex.o
HAL_I2CEx_DisableWakeUp                           build/stm32f0xx_hal_i2c_ex.o
HAL_I2CEx_EnableFastModePlus                      build/stm32f0xx_hal_i2c_ex.o
HAL_I2CEx_EnableWakeUp                            build/stm32f0xx_hal_i2c_ex.o
HAL_I2C_AbortCpltCallback                         build/stm32f0xx_hal_i2c.o
HAL_I2C_AddrCallback                              build/stm32f0xx_hal_i2c.o
HAL_I2C_DeInit                                    build/stm32f0xx_hal_i2c.o
HAL_I2C_DisableListen_IT                          build/stm32f0xx_hal_i2c.o
HAL_I2C_ER_IRQHandler                             build/stm32f0xx_hal_i2c.o
HAL_I2C_EV_IRQHandler                             build/stm32f0xx_hal_i2c.o
HAL_I2C_EnableListen_IT                           build/stm32f0xx_hal_i2c.o
HAL_I2C_ErrorCallback                             build/stm32f0xx_hal_i2c.o
HAL_I2C_GetError                                  build/stm32f0xx_hal_i2c.o
HAL_I2C_GetMode                                   build/stm32f0xx_hal_i2c.o
HAL_I2C_GetState                                  build/stm32f0xx_hal_i2c.o
HAL_I2C_Init                                      build/stm32f0xx_hal_i2c.o
HAL_I2C_IsDeviceReady                             build/stm32f0xx_hal_i2c.o
HAL_I2C_ListenCpltCallback                        build/stm32f0xx_hal_i2c.o
HAL_I2C_MasterRxCpltCallback                      build/stm32f0xx_hal_i2c.o
HAL_I2C_MasterTxCpltCallback                      build/stm32f0xx_hal_i2c.o
HAL_I2C_Master_Abort_IT                           build/stm32f0xx_hal_i2c.o
HAL_I2C_Master_Receive                            build/stm32f0xx_hal_i2c.o
HAL_I2C_Master_Receive_DMA                        build/stm32f0xx_hal_i2c.o
HAL_I2C_Master_Receive_IT                         build/stm32f0xx_hal_i2c.o
HAL_I2C_Master_Seq_Receive_DMA                    build/stm32f0xx_hal_i2c.o
HAL_I2C_Master_Seq_Receive_IT                     build/stm32f0xx_hal_i2c.o
HAL_I2C_Master_Seq_Transmit_DMA                   build/stm32f0xx_hal_i2c.o
HAL_I2C_Master_Seq_Transmit_IT                    build/stm32f0xx_hal_i2c.o
HAL_I2C_Master_Transmit                           build/stm32f0xx_hal_i2c.o
HAL_I2C_Master_Transmit_DMA                       build/stm32f0xx_hal_i2c.o
HAL_I2C_Master_Transmit_IT                        build/stm32f0xx_hal_i2c.o
HAL_I2C_MemRxCpltCallback                         build/stm32f0xx_hal_i2c.o
HAL_I2C_MemTxCpltCallback                         build/stm32f0xx_hal_i2c.o
HAL_I2C_Mem_Read                                  build/stm32f0xx_hal_i2c.o
HAL_I2C_Mem_Read_DMA                              build/stm32f0xx_hal_i2c.o
HAL_I2C_Mem_Read_IT                               build/stm32f0xx_hal_i2c.o
HAL_I2C_Mem_Write                                 build/stm32f0xx_hal_i2c.o
HAL_I2C_Mem_Write_DMA                             build/stm32f0xx_hal_i2c.o
HAL_I2C_Mem_Write_IT                              build/stm32f0xx_hal_i2c.o
HAL_I2C_MspDeInit                                 build/stm32f0xx_hal_i2c.o
HAL_I2C_MspInit                                   build/stm32f0xx_hal_i2c.o
HAL_I2C_SlaveRxCpltCallback                       build/stm32f0xx_hal_i2c.o
HAL_I2C_SlaveTxCpltCallback                       build/stm32f0xx_hal_i2c.o
HAL_I2C_Slave_Receive                             build/stm32f0xx_hal_i2c.o
HAL_I2C_Slave_Receive_DMA                         build/stm32f0xx_hal_i2c.o
HAL_I2C_Slave_Receive_IT                          build/stm32f0xx_hal_i2c.o
HAL_I2C_Slave_Seq_Receive_DMA                     build/stm32f0xx_hal_i2c.o
HAL_I2C_Slave_Seq_Receive_IT                      build/stm32f0xx_hal_i2c.o
HAL_I2C_Slave_Seq_Transmit_DMA                    build/stm32f0xx_hal_i2c.o
HAL_I2C_Slave_Seq_Transmit_IT                     build/stm32f0xx_hal_i2c.o
HAL_I2C_Slave_Transmit                            build/stm32f0xx_hal_i2c.o
HAL_I2C_Slave_Transmit_DMA                        build/stm32f0xx_hal_i2c.o
HAL_I2C_Slave_Transmit_IT                         build/stm32f0xx_hal_i2c.o
HAL_IncTick                                       build/stm32f0xx_hal.o
                                                  build/stm32f0xx_it.o
HAL_Init                                          build/stm32f0xx_hal.o
                                                  build/main.o
HAL_InitTick                                      build/stm32f0xx_hal.o
                                                  build/stm32f0xx_hal_rcc.o
HAL_MspDeInit                                     build/stm32f0xx_hal.o
HAL_MspInit                                       build/stm32f0xx_hal_msp.o
HAL_NVIC_ClearPendingIRQ                          build/stm32f0xx_hal_cortex.o
HAL_NVIC_DisableIRQ                               build/stm32f0xx_hal_cortex.o
                                                  build/usbd_conf.o
HAL_NVIC_EnableIRQ                                build/stm32f0xx_hal_cortex.o
                                                  build/usbd_conf.o
HAL_NVIC_GetPendingIRQ                            build/stm32f0xx_hal_cortex.o
HAL_NVIC_GetPriority                              build/stm32f0xx_hal_cortex.o
HAL_NVIC_SetPendingIRQ                            build/stm32f0xx_hal_cortex.o
HAL_NVIC_SetPriority                              build/stm32f0xx_hal_cortex.o
                                                  build/usbd_conf.o
                                                  build/stm32f0xx_hal.o
HAL_NVIC_SystemReset                              build/stm32f0xx_hal_cortex.o
HAL_PCDEx_ActivateBCD                             build/stm32f0xx_hal_pcd_ex.o
HAL_PCDEx_ActivateLPM                             build/stm32f0xx_hal_pcd_ex.o
                                                  build/stm32f0xx_hal_pcd.o
HAL_PCDEx_BCD_Callback                            build/stm32f0xx_hal_pcd_ex.o
HAL_PCDEx_BCD_VBUSDetect                          build/stm32f0xx_hal_pcd_ex.o
HAL_PCDEx_DeActivateBCD                           build/stm32f0xx_hal_pcd_ex.o
HAL_PCDEx_DeActivateLPM                           build/stm32f0xx_hal_pcd_ex.o
HAL_PCDEx_LPM_Callback                            build/stm32f0xx_hal_pcd_ex.o
                                                  build/stm32f0xx_hal_pcd.o
HAL_PCDEx_PMAConfig                               build/stm32f0xx_hal_pcd_ex.o
                                                  build/usbd_conf.o
HAL_PCD_ActivateRemoteWakeup                      build/stm32f0xx_hal_pcd.o
HAL_PCD_ConnectCallback                           build/usbd_conf.o
                                                  build/stm32f0xx_hal_pcd.o
HAL_PCD_DataInStageCallback                       build/usbd_conf.o
                                                  build/stm32f0xx_hal_pcd.o
HAL_PCD_DataOutStageCallback                      build/usbd_conf.o
                                                  build/stm32f0xx_hal_pcd.o
HAL_PCD_DeActivateRemoteWakeup                    build/stm32f0xx_hal_pcd.o
HAL_PCD_DeInit                                    build/stm32f0xx_hal_pcd.o
                                                  build/usbd_conf.o
HAL_PCD_DevConnect                                build/stm32f0xx_hal_pcd.o
HAL_PCD_DevDisconnect                             build/stm32f0xx_hal_pcd.o
HAL_PCD_DisconnectCallback                        build/usbd_conf.o
                                                  build/stm32f0xx_hal_pcd.o
HAL_PCD_EP_Abort                                  build/stm32f0xx_hal_pcd.o
HAL_PCD_EP_Close                                  build/stm32f0xx_hal_pcd.o
                                                  build/usbd_conf.o
HAL_PCD_EP_ClrStall                               build/stm32f0xx_hal_pcd.o
                                                  build/usbd_conf.o
HAL_PCD_EP_Flush                                  build/stm32f0xx_hal_pcd.o
                                                  build/usbd_conf.o
HAL_PCD_EP_GetRxCount                             build/stm32f0xx_hal_pcd.o
                                                  build/usbd_conf.o
HAL_PCD_EP_Open                                   build/stm32f0xx_hal_pcd.o
                                                  build/usbd_conf.o
HAL_PCD_EP_Receive                                build/stm32f0xx_hal_pcd.o
                                                  build/usbd_conf.o
HAL_PCD_EP_SetStall                               build/stm32f0xx_hal_pcd.o
                                                  build/usbd_conf.o
HAL_PCD_EP_Transmit                               build/stm32f0xx_hal_pcd.o
                                                  build/usbd_conf.o
HAL_PCD_GetState                                  build/stm32f0xx_hal_pcd.o
HAL_PCD_IRQHandler                                build/stm32f0xx_hal_pcd.o
                                                  build/stm32f0xx_it.o
HAL_PCD_ISOINIncompleteCallback                   build/usbd_conf.o
                                                  build/stm32f0xx_hal_pcd.o
HAL_PCD_ISOOUTIncompleteCallback                  build/usbd_conf.o
                                                  build/stm32f0xx_hal_pcd.o
HAL_PCD_Init                                      build/stm32f0xx_hal_pcd.o
                                                  build/usbd_conf.o
HAL_PCD_MspDeInit                                 build/usbd_conf.o
                                                  build/stm32f0xx_hal_pcd.o
HAL_PCD_MspInit                                   build/usbd_conf.o
                                                  build/stm32f0xx_hal_pcd.o
HAL_PCD_ResetCallback                             build/usbd_conf.o
                                                  build/stm32f0xx_hal_pcd.o
HAL_PCD_ResumeCallback                            build/usbd_conf.o
                                                  build/stm32f0xx_hal_pcd.o
HAL_PCD_SOFCallback                               build/usbd_conf.o
                                                  build/stm32f0xx_hal_pcd.o
HAL_PCD_SetAddress                                build/stm32f0xx_hal_pcd.o
                                                  build/usbd_conf.o
HAL_PCD_SetupStageCallback                        build/usbd_conf.o
                                                  build/stm32f0xx_hal_pcd.o
HAL_PCD_Start                                     build/stm32f0xx_hal_pcd.o
                                                  build/usbd_conf.o
HAL_PCD_Stop                                      build/stm32f0xx_hal_pcd.o
                                                  build/usbd_conf.o
HAL_PCD_SuspendCallback                           build/usbd_conf.o
                                                  build/stm32f0xx_hal_pcd.o
HAL_PWREx_DisableVddio2Monitor                    build/stm32f0xx_hal_pwr_ex.o
HAL_PWREx_EnableVddio2Monitor                     build/stm32f0xx_hal_pwr_ex.o
HAL_PWREx_Vddio2MonitorCallback                   build/stm32f0xx_hal_pwr_ex.o
HAL_PWREx_Vddio2Monitor_IRQHandler                build/stm32f0xx_hal_pwr_ex.o
HAL_PWR_ConfigPVD                                 build/stm32f0xx_hal_pwr_ex.o
HAL_PWR_DeInit                                    build/stm32f0xx_hal_pwr.o
HAL_PWR_DisableBkUpAccess                         build/stm32f0xx_hal_pwr.o
HAL_PWR_DisablePVD                                build/stm32f0xx_hal_pwr_ex.o
HAL_PWR_DisableSEVOnPend                          build/stm32f0xx_hal_pwr.o
HAL_PWR_DisableSleepOnExit                        build/stm32f0xx_hal_pwr.o
HAL_PWR_DisableWakeUpPin                          build/stm32f0xx_hal_pwr.o
HAL_PWR_EnableBkUpAccess                          build/stm32f0xx_hal_pwr.o
HAL_PWR_EnablePVD                                 build/stm32f0xx_hal_pwr_ex.o
HAL_PWR_EnableSEVOnPend                           build/stm32f0xx_hal_pwr.o
HAL_PWR_EnableSleepOnExit                         build/stm32f0xx_hal_pwr.o
HAL_PWR_EnableWakeUpPin                           build/stm32f0xx_hal_pwr.o
HAL_PWR_EnterSLEEPMode                            build/stm32f0xx_hal_pwr.o
HAL_PWR_EnterSTANDBYMode                          build/stm32f0xx_hal_pwr.o
HAL_PWR_EnterSTOPMode                             build/stm32f0xx_hal_pwr.o
HAL_PWR_PVDCallback                               build/stm32f0xx_hal_pwr_ex.o
HAL_PWR_PVD_IRQHandler                            build/stm32f0xx_hal_pwr_ex.o
HAL_RCCEx_CRSConfig                               build/stm32f0xx_hal_rcc_ex.o
HAL_RCCEx_CRSGetSynchronizationInfo               build/stm32f0xx_hal_rcc_ex.o
HAL_RCCEx_CRSSoftwareSynchronizationGenerate      build/stm32f0xx_hal_rcc_ex.o
HAL_RCCEx_CRSWaitSynchronization                  build/stm32f0xx_hal_rcc_ex.o
HAL_RCCEx_CRS_ErrorCallback                       build/stm32f0xx_hal_rcc_ex.o
HAL_RCCEx_CRS_ExpectedSyncCallback                build/stm32f0xx_hal_rcc_ex.o
HAL_RCCEx_CRS_IRQHandler                          build/stm32f0xx_hal_rcc_ex.o
HAL_RCCEx_CRS_SyncOkCallback                      build/stm32f0xx_hal_rcc_ex.o
HAL_RCCEx_CRS_SyncWarnCallback                    build/stm32f0xx_hal_rcc_ex.o
HAL_RCCEx_GetPeriphCLKConfig                      build/stm32f0xx_hal_rcc_ex.o
HAL_RCCEx_GetPeriphCLKFreq                        build/stm32f0xx_hal_rcc_ex.o
HAL_RCCEx_PeriphCLKConfig                         build/stm32f0xx_hal_rcc_ex.o
                                                  build/main.o
HAL_RCC_CSSCallback                               build/stm32f0xx_hal_rcc.o
HAL_RCC_ClockConfig                               build/stm32f0xx_hal_rcc.o
                                                  build/main.o
HAL_RCC_DeInit                                    build/stm32f0xx_hal_rcc.o
HAL_RCC_DisableCSS                                build/stm32f0xx_hal_rcc.o
HAL_RCC_EnableCSS                                 build/stm32f0xx_hal_rcc.o
HAL_RCC_GetClockConfig                            build/stm32f0xx_hal_rcc.o
HAL_RCC_GetHCLKFreq                               build/stm32f0xx_hal_rcc.o
HAL_RCC_GetOscConfig                              build/stm32f0xx_hal_rcc.o
HAL_RCC_GetPCLK1Freq                              build/stm32f0xx_hal_rcc.o
                                                  build/stm32f0xx_hal_rcc_ex.o
HAL_RCC_GetSysClockFreq                           build/stm32f0xx_hal_rcc.o
                                                  build/stm32f0xx_hal_rcc_ex.o
HAL_RCC_MCOConfig                                 build/stm32f0xx_hal_rcc.o
HAL_RCC_NMI_IRQHandler                            build/stm32f0xx_hal_rcc.o
HAL_RCC_OscConfig                                 build/stm32f0xx_hal_rcc.o
                                                  build/main.o
HAL_ResumeTick                                    build/stm32f0xx_hal.o
HAL_SYSTICK_CLKSourceConfig                       build/stm32f0xx_hal_cortex.o
HAL_SYSTICK_Callback                              build/stm32f0xx_hal_cortex.o
HAL_SYSTICK_Config                                build/stm32f0xx_hal_cortex.o
                                                  build/stm32f0xx_hal.o
HAL_SYSTICK_IRQHandler                            build/stm32f0xx_hal_cortex.o
HAL_SetTickFreq                                   build/stm32f0xx_hal.o
HAL_SuspendTick                                   build/stm32f0xx_hal.o
HAL_TIMEx_BreakCallback                           build/stm32f0xx_hal_tim_ex.o
                                                  build/stm32f0xx_hal_tim.o
HAL_TIMEx_CommutCallback                          build/stm32f0xx_hal_tim_ex.o
                                                  build/stm32f0xx_hal_tim.o
HAL_TIMEx_CommutHalfCpltCallback                  build/stm32f0xx_hal_tim_ex.o
HAL_TIMEx_ConfigBreakDeadTime                     build/stm32f0xx_hal_tim_ex.o
HAL_TIMEx_ConfigCommutEvent                       build/stm32f0xx_hal_tim_ex.o
HAL_TIMEx_ConfigCommutEvent_DMA                   build/stm32f0xx_hal_tim_ex.o
HAL_TIMEx_ConfigCommutEvent_IT                    build/stm32f0xx_hal_tim_ex.o
HAL_TIMEx_GetChannelNState                        build/stm32f0xx_hal_tim_ex.o
HAL_TIMEx_HallSensor_DeInit                       build/stm32f0xx_hal_tim_ex.o
HAL_TIMEx_HallSensor_GetState                     build/stm32f0xx_hal_tim_ex.o
HAL_TIMEx_HallSensor_Init                         build/stm32f0xx_hal_tim_ex.o
HAL_TIMEx_HallSensor_MspDeInit                    build/stm32f0xx_hal_tim_ex.o
HAL_TIMEx_HallSensor_MspInit                      build/stm32f0xx_hal_tim_ex.o
HAL_TIMEx_HallSensor_Start                        build/stm32f0xx_hal_tim_ex.o
HAL_TIMEx_HallSensor_Start_DMA                    build/stm32f0xx_hal_tim_ex.o
HAL_TIMEx_HallSensor_Start_IT                     build/stm32f0xx_hal_tim_ex.o
HAL_TIMEx_HallSensor_Stop                         build/stm32f0xx_hal_tim_ex.o
HAL_TIMEx_HallSensor_Stop_DMA                     build/stm32f0xx_hal_tim_ex.o
HAL_TIMEx_HallSensor_Stop_IT                      build/stm32f0xx_hal_tim_ex.o
HAL_TIMEx_MasterConfigSynchronization             build/stm32f0xx_hal_tim_ex.o
                                                  build/main.o
HAL_TIMEx_OCN_Start                               build/stm32f0xx_hal_tim_ex.o
HAL_TIMEx_OCN_Start_DMA                           build/stm32f0xx_hal_tim_ex.o
HAL_TIMEx_OCN_Start_IT                            build/stm32f0xx_hal_tim_ex.o
HAL_TIMEx_OCN_Stop                                build/stm32f0xx_hal_tim_ex.o
HAL_TIMEx_OCN_Stop_DMA                            build/stm32f0xx_hal_tim_ex.o
HAL_TIMEx_OCN_Stop_IT                             build/stm32f0xx_hal_tim_ex.o
HAL_TIMEx_OnePulseN_Start                         build/stm32f0xx_hal_tim_ex.o
HAL_TIMEx_OnePulseN_Start_IT                      build/stm32f0xx_hal_tim_ex.o
HAL_TIMEx_OnePulseN_Stop                          build/stm32f0xx_hal_tim_ex.o
HAL_TIMEx_OnePulseN_Stop_IT                       build/stm32f0xx_hal_tim_ex.o
HAL_TIMEx_PWMN_Start                              build/stm32f0xx_hal_tim_ex.o
HAL_TIMEx_PWMN_Start_DMA                          build/stm32f0xx_hal_tim_ex.o
HAL_TIMEx_PWMN_Start_IT                           build/stm32f0xx_hal_tim_ex.o
HAL_TIMEx_PWMN_Stop                               build/stm32f0xx_hal_tim_ex.o
HAL_TIMEx_PWMN_Stop_DMA                           build/stm32f0xx_hal_tim_ex.o
HAL_TIMEx_PWMN_Stop_IT                            build/stm32f0xx_hal_tim_ex.o
HAL_TIMEx_RemapConfig                             build/stm32f0xx_hal_tim_ex.o
HAL_TIM_Base_DeInit                               build/stm32f0xx_hal_tim.o
HAL_TIM_Base_GetState                             build/stm32f0xx_hal_tim.o
HAL_TIM_Base_Init                                 build/stm32f0xx_hal_tim.o
HAL_TIM_Base_MspDeInit                            build/stm32f0xx_hal_tim.o
HAL_TIM_Base_MspInit                              build/stm32f0xx_hal_tim.o
HAL_TIM_Base_Start                                build/stm32f0xx_hal_tim.o
HAL_TIM_Base_Start_DMA                            build/stm32f0xx_hal_tim.o
HAL_TIM_Base_Start_IT                             build/stm32f0xx_hal_tim.o
HAL_TIM_Base_Stop                                 build/stm32f0xx_hal_tim.o
HAL_TIM_Base_Stop_DMA                             build/stm32f0xx_hal_tim.o
HAL_TIM_Base_Stop_IT                              build/stm32f0xx_hal_tim.o
HAL_TIM_ConfigClockSource                         build/stm32f0xx_hal_tim.o
HAL_TIM_ConfigOCrefClear                          build/stm32f0xx_hal_tim.o
HAL_TIM_ConfigTI1Input                            build/stm32f0xx_hal_tim.o
HAL_TIM_DMABurstState                             build/stm32f0xx_hal_tim.o
HAL_TIM_DMABurst_MultiReadStart                   build/stm32f0xx_hal_tim.o
HAL_TIM_DMABurst_MultiWriteStart                  build/stm32f0xx_hal_tim.o
HAL_TIM_DMABurst_ReadStart                        build/stm32f0xx_hal_tim.o
HAL_TIM_DMABurst_ReadStop                         build/stm32f0xx_hal_tim.o
HAL_TIM_DMABurst_WriteStart                       build/stm32f0xx_hal_tim.o
HAL_TIM_DMABurst_WriteStop                        build/stm32f0xx_hal_tim.o
HAL_TIM_Encoder_DeInit                            build/stm32f0xx_hal_tim.o
HAL_TIM_Encoder_GetState                          build/stm32f0xx_hal_tim.o
HAL_TIM_Encoder_Init                              build/stm32f0xx_hal_tim.o
HAL_TIM_Encoder_MspDeInit                         build/stm32f0xx_hal_tim.o
HAL_TIM_Encoder_MspInit                           build/stm32f0xx_hal_tim.o
HAL_TIM_Encoder_Start                             build/stm32f0xx_hal_tim.o
HAL_TIM_Encoder_Start_DMA                         build/stm32f0xx_hal_tim.o
HAL_TIM_Encoder_Start_IT                          build/stm32f0xx_hal_tim.o
HAL_TIM_Encoder_Stop                              build/stm32f0xx_hal_tim.o
HAL_TIM_Encoder_Stop_DMA                          build/stm32f0xx_hal_tim.o
HAL_TIM_Encoder_Stop_IT                           build/stm32f0xx_hal_tim.o
HAL_TIM_ErrorCallback                             build/stm32f0xx_hal_tim.o
                                                  build/stm32f0xx_hal_tim_ex.o
HAL_TIM_GenerateEvent                             build/stm32f0xx_hal_tim.o
HAL_TIM_GetActiveChannel                          build/stm32f0xx_hal_tim.o
HAL_TIM_GetChannelState                           build/stm32f0xx_hal_tim.o
HAL_TIM_IC_CaptureCallback                        build/stm32f0xx_hal_tim.o
HAL_TIM_IC_CaptureHalfCpltCallback                build/stm32f0xx_hal_tim.o
HAL_TIM_IC_ConfigChannel                          build/stm32f0xx_hal_tim.o
HAL_TIM_IC_DeInit                                 build/stm32f0xx_hal_tim.o
HAL_TIM_IC_GetState                               build/stm32f0xx_hal_tim.o
HAL_TIM_IC_Init                                   build/stm32f0xx_hal_tim.o
HAL_TIM_IC_MspDeInit                              build/stm32f0xx_hal_tim.o
HAL_TIM_IC_MspInit                                build/stm32f0xx_hal_tim.o
HAL_TIM_IC_Start                                  build/stm32f0xx_hal_tim.o
HAL_TIM_IC_Start_DMA                              build/stm32f0xx_hal_tim.o
HAL_TIM_IC_Start_IT                               build/stm32f0xx_hal_tim.o
HAL_TIM_IC_Stop                                   build/stm32f0xx_hal_tim.o
HAL_TIM_IC_Stop_DMA                               build/stm32f0xx_hal_tim.o
HAL_TIM_IC_Stop_IT                                build/stm32f0xx_hal_tim.o
HAL_TIM_IRQHandler                                build/stm32f0xx_hal_tim.o
HAL_TIM_MspPostInit                               build/stm32f0xx_hal_msp.o
                                                  build/main.o
HAL_TIM_OC_ConfigChannel                          build/stm32f0xx_hal_tim.o
HAL_TIM_OC_DeInit                                 build/stm32f0xx_hal_tim.o
HAL_TIM_OC_DelayElapsedCallback                   build/stm32f0xx_hal_tim.o